#
# There is insufficient memory for the Java Runtime Environment to continue.
# Native memory allocation (malloc) failed to allocate 1099856 bytes. Error detail: Chunk::new
# Possible reasons:
#   The system is out of physical RAM or swap space
#   This process is running with CompressedOops enabled, and the Java Heap may be blocking the growth of the native heap
# Possible solutions:
#   Reduce memory load on the system
#   Increase physical memory or swap space
#   Check if swap backing store is full
#   Decrease Java heap size (-Xmx/-Xms)
#   Decrease number of Java threads
#   Decrease Java thread stack sizes (-Xss)
#   Set larger code cache with -XX:ReservedCodeCacheSize=
#   JVM is running with Unscaled Compressed Oops mode in which the Java heap is
#     placed in the first 4GB address space. The Java Heap base address is the
#     maximum limit for the native heap growth. Please use -XX:HeapBaseMinAddress
#     to set the Java Heap base and to place the Java Heap above 4GB virtual address.
# This output file may be truncated or incomplete.
#
#  Out of Memory Error (arena.cpp:168), pid=26156, tid=10996
#
# JRE version: OpenJDK Runtime Environment Temurin-21.0.10+7 (21.0.10+7) (build 21.0.10+7-LTS)
# Java VM: OpenJDK 64-Bit Server VM Temurin-21.0.10+7 (21.0.10+7-LTS, mixed mode, sharing, tiered, compressed oops, compressed class ptrs, g1 gc, windows-amd64)
# No core dump will be written. Minidumps are not enabled by default on client versions of Windows
#

---------------  S U M M A R Y ------------

Command Line: --add-opens=java.base/java.lang=ALL-UNNAMED --add-opens=java.base/java.lang.invoke=ALL-UNNAMED --add-opens=java.base/java.util=ALL-UNNAMED --add-opens=java.prefs/java.util.prefs=ALL-UNNAMED --add-exports=jdk.compiler/com.sun.tools.javac.api=ALL-UNNAMED --add-exports=jdk.compiler/com.sun.tools.javac.util=ALL-UNNAMED --add-opens=java.base/java.util=ALL-UNNAMED --add-opens=java.prefs/java.util.prefs=ALL-UNNAMED --add-opens=java.base/java.nio.charset=ALL-UNNAMED --add-opens=java.base/java.net=ALL-UNNAMED --add-opens=java.base/java.util.concurrent.atomic=ALL-UNNAMED --add-opens=java.xml/javax.xml.namespace=ALL-UNNAMED -Xmx2048m -Dfile.encoding=UTF-8 -Duser.country=ID -Duser.language=en -Duser.variant -javaagent:C:\Users\ASUS I5\.gradle\wrapper\dists\gradle-8.13-bin\5xuhj0ry160q40clulazy9h7d\gradle-8.13\lib\agents\gradle-instrumentation-agent-8.13.jar org.gradle.launcher.daemon.bootstrap.GradleDaemon 8.13

Host: Intel(R) Core(TM) i5-1035G1 CPU @ 1.00GHz, 8 cores, 19G,  Windows 11 , 64 bit Build 26100 (10.0.26100.8328)
Time: Wed May 27 02:55:48 2026 SE Asia Standard Time elapsed time: 49.015627 seconds (0d 0h 0m 49s)

---------------  T H R E A D  ---------------

Current thread (0x00000189d417fea0):  JavaThread "C2 CompilerThread2" daemon [_thread_in_native, id=10996, stack(0x000000441d400000,0x000000441d500000) (1024K)]


Current CompileTask:
C2:49016 20485   !   4       org.gradle.internal.service.DefaultServiceRegistry$ManagedObjectServiceProvider::getInstance (47 bytes)

Stack: [0x000000441d400000,0x000000441d500000]
Native frames: (J=compiled Java code, j=interpreted, Vv=VM code, C=native code)
V  [jvm.dll+0x6d7a39]
V  [jvm.dll+0x8b4b26]
V  [jvm.dll+0x8b70de]
V  [jvm.dll+0x8b77c3]
V  [jvm.dll+0x284346]
V  [jvm.dll+0xc66ed]
V  [jvm.dll+0xc6c31]
V  [jvm.dll+0x3bec01]
V  [jvm.dll+0x38b162]
V  [jvm.dll+0x38a5aa]
V  [jvm.dll+0x24c560]
V  [jvm.dll+0x24bb40]
V  [jvm.dll+0x1cb34e]
V  [jvm.dll+0x25b85d]
V  [jvm.dll+0x259dea]
V  [jvm.dll+0x3f857e]
V  [jvm.dll+0x85f59d]
V  [jvm.dll+0x6d626d]
C  [ucrtbase.dll+0x37b0]
C  [KERNEL32.DLL+0x2e957]
C  [ntdll.dll+0x427c]


---------------  P R O C E S S  ---------------

Threads class SMR info:
_java_thread_list=0x00000189d24629b0, length=39, elements={
0x00000189e65a58a0, 0x00000189fdd37180, 0x00000189fdd3b000, 0x00000189fdd3d340,
0x00000189fdd3dda0, 0x00000189fdd3e800, 0x00000189fddc2af0, 0x00000189fddc5890,
0x00000189fdde8af0, 0x00000189fdfcc600, 0x00000189fe024030, 0x00000189ff79f850,
0x00000189ff4ab5c0, 0x00000189ff822620, 0x00000189ff7d6890, 0x00000189c51404f0,
0x00000189c513eab0, 0x00000189c513d700, 0x00000189c513f140, 0x00000189c5e6e9f0,
0x00000189c5e6f710, 0x00000189c5e73220, 0x00000189c5e71150, 0x00000189c5e738b0,
0x00000189d513fe20, 0x00000189d49f2c70, 0x00000189d417f7d0, 0x00000189d417fea0,
0x00000189d2080350, 0x00000189d2082420, 0x00000189d2081d90, 0x00000189d2082ab0,
0x00000189d2083140, 0x00000189d20809e0, 0x00000189d207fcc0, 0x00000189d20872e0,
0x00000189d2083e60, 0x00000189d20844f0, 0x00000189d2084b80
}

Java Threads: ( => current thread )
  0x00000189e65a58a0 JavaThread "main"                              [_thread_blocked, id=28144, stack(0x0000004418b00000,0x0000004418c00000) (1024K)]
  0x00000189fdd37180 JavaThread "Reference Handler"          daemon [_thread_blocked, id=28048, stack(0x0000004419300000,0x0000004419400000) (1024K)]
  0x00000189fdd3b000 JavaThread "Finalizer"                  daemon [_thread_blocked, id=35320, stack(0x0000004419400000,0x0000004419500000) (1024K)]
  0x00000189fdd3d340 JavaThread "Signal Dispatcher"          daemon [_thread_blocked, id=35204, stack(0x0000004419500000,0x0000004419600000) (1024K)]
  0x00000189fdd3dda0 JavaThread "Attach Listener"            daemon [_thread_blocked, id=26460, stack(0x0000004419600000,0x0000004419700000) (1024K)]
  0x00000189fdd3e800 JavaThread "Service Thread"             daemon [_thread_blocked, id=5368, stack(0x0000004419700000,0x0000004419800000) (1024K)]
  0x00000189fddc2af0 JavaThread "Monitor Deflation Thread"   daemon [_thread_blocked, id=9768, stack(0x0000004419800000,0x0000004419900000) (1024K)]
  0x00000189fddc5890 JavaThread "C2 CompilerThread0"         daemon [_thread_in_native, id=32276, stack(0x0000004419900000,0x0000004419a00000) (1024K)]
  0x00000189fdde8af0 JavaThread "C1 CompilerThread0"         daemon [_thread_blocked, id=29484, stack(0x0000004419a00000,0x0000004419b00000) (1024K)]
  0x00000189fdfcc600 JavaThread "Common-Cleaner"             daemon [_thread_blocked, id=20476, stack(0x0000004419b00000,0x0000004419c00000) (1024K)]
  0x00000189fe024030 JavaThread "Notification Thread"        daemon [_thread_blocked, id=32440, stack(0x0000004419c00000,0x0000004419d00000) (1024K)]
  0x00000189ff79f850 JavaThread "Daemon health stats"               [_thread_blocked, id=23896, stack(0x000000441a500000,0x000000441a600000) (1024K)]
  0x00000189ff4ab5c0 JavaThread "Incoming local TCP Connector on port 65101"        [_thread_in_native, id=35464, stack(0x000000441a600000,0x000000441a700000) (1024K)]
  0x00000189ff822620 JavaThread "Daemon periodic checks"            [_thread_blocked, id=28468, stack(0x000000441a700000,0x000000441a800000) (1024K)]
  0x00000189ff7d6890 JavaThread "Daemon"                            [_thread_blocked, id=24152, stack(0x000000441a800000,0x000000441a900000) (1024K)]
  0x00000189c51404f0 JavaThread "Daemon worker"                     [_thread_in_Java, id=24428, stack(0x000000441ab00000,0x000000441ac00000) (1024K)]
  0x00000189c513eab0 JavaThread "Cache worker for journal cache (C:\Users\ASUS I5\.gradle\caches\journal-1)"        [_thread_blocked, id=17096, stack(0x000000441af00000,0x000000441b000000) (1024K)]
  0x00000189c513d700 JavaThread "File lock request listener"        [_thread_in_native, id=34364, stack(0x000000441b000000,0x000000441b100000) (1024K)]
  0x00000189c513f140 JavaThread "Cache worker for file hash cache (C:\Users\ASUS I5\.gradle\caches\8.13\fileHashes)"        [_thread_blocked, id=29264, stack(0x000000441b100000,0x000000441b200000) (1024K)]
  0x00000189c5e6e9f0 JavaThread "File watcher server"        daemon [_thread_in_native, id=10860, stack(0x000000441b200000,0x000000441b300000) (1024K)]
  0x00000189c5e6f710 JavaThread "File watcher consumer"      daemon [_thread_blocked, id=4764, stack(0x000000441b500000,0x000000441b600000) (1024K)]
  0x00000189c5e73220 JavaThread "jar transforms"                    [_thread_blocked, id=7328, stack(0x000000441b600000,0x000000441b700000) (1024K)]
  0x00000189c5e71150 JavaThread "jar transforms Thread 2"           [_thread_blocked, id=27176, stack(0x000000441b900000,0x000000441ba00000) (1024K)]
  0x00000189c5e738b0 JavaThread "Cache worker for file content cache (C:\Users\ASUS I5\.gradle\caches\8.13\fileContent)"        [_thread_blocked, id=34352, stack(0x000000441bb00000,0x000000441bc00000) (1024K)]
  0x00000189d513fe20 JavaThread "Memory manager"                    [_thread_blocked, id=20680, stack(0x000000441cb00000,0x000000441cc00000) (1024K)]
  0x00000189d49f2c70 JavaThread "included builds"                   [_thread_blocked, id=18504, stack(0x000000441b700000,0x000000441b800000) (1024K)]
  0x00000189d417f7d0 JavaThread "C2 CompilerThread1"         daemon [_thread_in_native, id=18144, stack(0x000000441dc00000,0x000000441dd00000) (1024K)]
=>0x00000189d417fea0 JavaThread "C2 CompilerThread2"         daemon [_thread_in_native, id=10996, stack(0x000000441d400000,0x000000441d500000) (1024K)]
  0x00000189d2080350 JavaThread "VFS cleanup"                       [_thread_blocked, id=25344, stack(0x0000004419d00000,0x0000004419e00000) (1024K)]
  0x00000189d2082420 JavaThread "Handler for socket connection from /127.0.0.1:65101 to /127.0.0.1:56159"        [_thread_in_native, id=7664, stack(0x000000441a900000,0x000000441aa00000) (1024K)]
  0x00000189d2081d90 JavaThread "Cancel handler"                    [_thread_blocked, id=35012, stack(0x000000441aa00000,0x000000441ab00000) (1024K)]
  0x00000189d2082ab0 JavaThread "Asynchronous log dispatcher for DefaultDaemonConnection: socket connection from /127.0.0.1:65101 to /127.0.0.1:56159"        [_thread_blocked, id=24612, stack(0x000000441ac00000,0x000000441ad00000) (1024K)]
  0x00000189d2083140 JavaThread "Stdin handler"                     [_thread_blocked, id=24480, stack(0x000000441ad00000,0x000000441ae00000) (1024K)]
  0x00000189d20809e0 JavaThread "Daemon client event forwarder"        [_thread_blocked, id=28016, stack(0x000000441ae00000,0x000000441af00000) (1024K)]
  0x00000189d207fcc0 JavaThread "Cache worker for file hash cache (C:\Users\ASUS I5\capstone_project2\CapstoneProjectB.2\frontend-capstone\.gradle\8.13\fileHashes)"        [_thread_blocked, id=30988, stack(0x000000441b400000,0x000000441b500000) (1024K)]
  0x00000189d20872e0 JavaThread "Cache worker for Build Output Cleanup Cache (C:\Users\ASUS I5\capstone_project2\CapstoneProjectB.2\frontend-capstone\.gradle\buildOutputCleanup)"        [_thread_blocked, id=10912, stack(0x000000441b800000,0x000000441b900000) (1024K)]
  0x00000189d2083e60 JavaThread "Cache worker for checksums cache (C:\Users\ASUS I5\capstone_project2\CapstoneProjectB.2\frontend-capstone\.gradle\8.13\checksums)"        [_thread_blocked, id=12724, stack(0x000000441ba00000,0x000000441bb00000) (1024K)]
  0x00000189d20844f0 JavaThread "Cache worker for cache directory md-supplier (C:\Users\ASUS I5\.gradle\caches\8.13\md-supplier)"        [_thread_blocked, id=25096, stack(0x000000441bc00000,0x000000441bd00000) (1024K)]
  0x00000189d2084b80 JavaThread "Cache worker for cache directory md-rule (C:\Users\ASUS I5\.gradle\caches\8.13\md-rule)"        [_thread_blocked, id=26712, stack(0x000000441bd00000,0x000000441be00000) (1024K)]
Total: 39

Other Threads:
  0x00000189fdd1c400 VMThread "VM Thread"                           [id=31936, stack(0x0000004419200000,0x0000004419300000) (1024K)]
  0x00000189fddc1640 WatcherThread "VM Periodic Task Thread"        [id=32020, stack(0x0000004419100000,0x0000004419200000) (1024K)]
  0x00000189e433d000 WorkerThread "GC Thread#0"                     [id=10800, stack(0x0000004418c00000,0x0000004418d00000) (1024K)]
  0x00000189fe725270 WorkerThread "GC Thread#1"                     [id=23296, stack(0x0000004419f00000,0x000000441a000000) (1024K)]
  0x00000189fe725620 WorkerThread "GC Thread#2"                     [id=27560, stack(0x000000441a000000,0x000000441a100000) (1024K)]
  0x00000189fe593790 WorkerThread "GC Thread#3"                     [id=27048, stack(0x000000441a100000,0x000000441a200000) (1024K)]
  0x00000189fe593b40 WorkerThread "GC Thread#4"                     [id=31736, stack(0x000000441a200000,0x000000441a300000) (1024K)]
  0x00000189fe49e010 WorkerThread "GC Thread#5"                     [id=34216, stack(0x000000441a300000,0x000000441a400000) (1024K)]
  0x00000189fe49e3c0 WorkerThread "GC Thread#6"                     [id=31252, stack(0x000000441a400000,0x000000441a500000) (1024K)]
  0x00000189ff607870 WorkerThread "GC Thread#7"                     [id=31628, stack(0x0000004419e00000,0x0000004419f00000) (1024K)]
  0x00000189e433e6e0 ConcurrentGCThread "G1 Main Marker"            [id=25840, stack(0x0000004418d00000,0x0000004418e00000) (1024K)]
  0x00000189e660c250 WorkerThread "G1 Conc#0"                       [id=35564, stack(0x0000004418e00000,0x0000004418f00000) (1024K)]
  0x00000189c6dcb740 WorkerThread "G1 Conc#1"                       [id=29732, stack(0x000000441b300000,0x000000441b400000) (1024K)]
  0x00000189fdc52bb0 ConcurrentGCThread "G1 Refine#0"               [id=26604, stack(0x0000004418f00000,0x0000004419000000) (1024K)]
  0x00000189fdc533e0 ConcurrentGCThread "G1 Service"                [id=6388, stack(0x0000004419000000,0x0000004419100000) (1024K)]
Total: 15

Threads with active compile tasks:
C2 CompilerThread0  49099 20484       4       org.gradle.internal.service.DefaultServiceRegistry$SingletonService::get (5 bytes)
C2 CompilerThread1  49099 20615   !   4       java.io.ObjectInputStream$BlockDataInputStream::readUTFSpan (502 bytes)
C2 CompilerThread2  49099 20485   !   4       org.gradle.internal.service.DefaultServiceRegistry$ManagedObjectServiceProvider::getInstance (47 bytes)
Total: 3

VM state: not at safepoint (normal execution)

VM Mutex/Monitor currently owned by a thread: None

Heap address: 0x0000000080000000, size: 2048 MB, Compressed Oops mode: 32-bit

CDS archive(s) mapped at: [0x0000018980000000-0x0000018980ba0000-0x0000018980ba0000), size 12189696, SharedBaseAddress: 0x0000018980000000, ArchiveRelocationMode: 1.
Compressed class space mapped at: 0x0000018981000000-0x00000189c1000000, reserved size: 1073741824
Narrow klass base: 0x0000018980000000, Narrow klass shift: 0, Narrow klass range: 0x100000000

GC Precious Log:
 CardTable entry size: 512
 Card Set container configuration: InlinePtr #cards 5 size 8 Array Of Cards #cards 12 size 40 Howl #buckets 4 coarsen threshold 1843 Howl Bitmap #cards 512 size 80 coarsen threshold 460 Card regions per heap region 1 cards per card region 2048
 CPUs: 8 total, 8 available
 Memory: 20218M
 Large Page Support: Disabled
 NUMA Support: Disabled
 Compressed Oops: Enabled (32-bit)
 Heap Region Size: 1M
 Heap Min Capacity: 8M
 Heap Initial Capacity: 316M
 Heap Max Capacity: 2G
 Pre-touch: Disabled
 Parallel Workers: 8
 Concurrent Workers: 2
 Concurrent Refinement Workers: 8
 Periodic GC: Disabled

Heap:
 garbage-first heap   total 296960K, used 236392K [0x0000000080000000, 0x0000000100000000)
  region size 1024K, 69 young (70656K), 7 survivors (7168K)
 Metaspace       used 160296K, committed 163072K, reserved 1245184K
  class space    used 21168K, committed 22528K, reserved 1048576K

Heap Regions: E=young(eden), S=young(survivor), O=old, HS=humongous(starts), HC=humongous(continues), CS=collection set, F=free, TAMS=top-at-mark-start, PB=parsable bottom
|   0|0x0000000080000000, 0x0000000080100000, 0x0000000080100000|100%|HS|  |TAMS 0x0000000080000000| PB 0x0000000080000000| Complete 
|   1|0x0000000080100000, 0x0000000080200000, 0x0000000080200000|100%|HC|  |TAMS 0x0000000080100000| PB 0x0000000080100000| Complete 
|   2|0x0000000080200000, 0x0000000080300000, 0x0000000080300000|100%|HC|  |TAMS 0x0000000080200000| PB 0x0000000080200000| Complete 
|   3|0x0000000080300000, 0x0000000080400000, 0x0000000080400000|100%| O|  |TAMS 0x0000000080300000| PB 0x0000000080300000| Untracked 
|   4|0x0000000080400000, 0x0000000080500000, 0x0000000080500000|100%| O|  |TAMS 0x0000000080400000| PB 0x0000000080400000| Untracked 
|   5|0x0000000080500000, 0x0000000080600000, 0x0000000080600000|100%| O|  |TAMS 0x0000000080500000| PB 0x0000000080500000| Untracked 
|   6|0x0000000080600000, 0x0000000080700000, 0x0000000080700000|100%|HS|  |TAMS 0x0000000080600000| PB 0x0000000080600000| Complete 
|   7|0x0000000080700000, 0x0000000080800000, 0x0000000080800000|100%| O|  |TAMS 0x0000000080700000| PB 0x0000000080700000| Untracked 
|   8|0x0000000080800000, 0x0000000080900000, 0x0000000080900000|100%| O|  |TAMS 0x0000000080800000| PB 0x0000000080800000| Untracked 
|   9|0x0000000080900000, 0x0000000080a00000, 0x0000000080a00000|100%| O|  |TAMS 0x0000000080900000| PB 0x0000000080900000| Untracked 
|  10|0x0000000080a00000, 0x0000000080b00000, 0x0000000080b00000|100%| O|  |TAMS 0x0000000080a00000| PB 0x0000000080a00000| Untracked 
|  11|0x0000000080b00000, 0x0000000080c00000, 0x0000000080c00000|100%| O|  |TAMS 0x0000000080b00000| PB 0x0000000080b00000| Untracked 
|  12|0x0000000080c00000, 0x0000000080d00000, 0x0000000080d00000|100%| O|  |TAMS 0x0000000080c00000| PB 0x0000000080c00000| Untracked 
|  13|0x0000000080d00000, 0x0000000080e00000, 0x0000000080e00000|100%| O|  |TAMS 0x0000000080d00000| PB 0x0000000080d00000| Untracked 
|  14|0x0000000080e00000, 0x0000000080f00000, 0x0000000080f00000|100%| O|  |TAMS 0x0000000080e00000| PB 0x0000000080e00000| Untracked 
|  15|0x0000000080f00000, 0x0000000081000000, 0x0000000081000000|100%| O|  |TAMS 0x0000000080f00000| PB 0x0000000080f00000| Untracked 
|  16|0x0000000081000000, 0x0000000081100000, 0x0000000081100000|100%| O|  |TAMS 0x0000000081000000| PB 0x0000000081000000| Untracked 
|  17|0x0000000081100000, 0x0000000081200000, 0x0000000081200000|100%| O|  |TAMS 0x0000000081100000| PB 0x0000000081100000| Untracked 
|  18|0x0000000081200000, 0x0000000081300000, 0x0000000081300000|100%| O|  |TAMS 0x0000000081200000| PB 0x0000000081200000| Untracked 
|  19|0x0000000081300000, 0x0000000081400000, 0x0000000081400000|100%| O|  |TAMS 0x0000000081300000| PB 0x0000000081300000| Untracked 
|  20|0x0000000081400000, 0x0000000081500000, 0x0000000081500000|100%| O|  |TAMS 0x0000000081400000| PB 0x0000000081400000| Untracked 
|  21|0x0000000081500000, 0x0000000081600000, 0x0000000081600000|100%| O|  |TAMS 0x0000000081500000| PB 0x0000000081500000| Untracked 
|  22|0x0000000081600000, 0x0000000081700000, 0x0000000081700000|100%| O|  |TAMS 0x0000000081600000| PB 0x0000000081600000| Untracked 
|  23|0x0000000081700000, 0x0000000081800000, 0x0000000081800000|100%| O|  |TAMS 0x0000000081700000| PB 0x0000000081700000| Untracked 
|  24|0x0000000081800000, 0x0000000081900000, 0x0000000081900000|100%| O|  |TAMS 0x0000000081800000| PB 0x0000000081800000| Untracked 
|  25|0x0000000081900000, 0x0000000081a00000, 0x0000000081a00000|100%| O|  |TAMS 0x0000000081900000| PB 0x0000000081900000| Untracked 
|  26|0x0000000081a00000, 0x0000000081b00000, 0x0000000081b00000|100%| O|  |TAMS 0x0000000081a00000| PB 0x0000000081a00000| Untracked 
|  27|0x0000000081b00000, 0x0000000081c00000, 0x0000000081c00000|100%| O|  |TAMS 0x0000000081b00000| PB 0x0000000081b00000| Untracked 
|  28|0x0000000081c00000, 0x0000000081d00000, 0x0000000081d00000|100%| O|  |TAMS 0x0000000081c00000| PB 0x0000000081c00000| Untracked 
|  29|0x0000000081d00000, 0x0000000081e00000, 0x0000000081e00000|100%| O|  |TAMS 0x0000000081d00000| PB 0x0000000081d00000| Untracked 
|  30|0x0000000081e00000, 0x0000000081f00000, 0x0000000081f00000|100%| O|  |TAMS 0x0000000081e00000| PB 0x0000000081e00000| Untracked 
|  31|0x0000000081f00000, 0x0000000082000000, 0x0000000082000000|100%| O|  |TAMS 0x0000000081f00000| PB 0x0000000081f00000| Untracked 
|  32|0x0000000082000000, 0x0000000082100000, 0x0000000082100000|100%| O|  |TAMS 0x0000000082000000| PB 0x0000000082000000| Untracked 
|  33|0x0000000082100000, 0x0000000082200000, 0x0000000082200000|100%| O|  |TAMS 0x0000000082100000| PB 0x0000000082100000| Untracked 
|  34|0x0000000082200000, 0x0000000082300000, 0x0000000082300000|100%| O|  |TAMS 0x0000000082200000| PB 0x0000000082200000| Untracked 
|  35|0x0000000082300000, 0x0000000082400000, 0x0000000082400000|100%| O|  |TAMS 0x0000000082300000| PB 0x0000000082300000| Untracked 
|  36|0x0000000082400000, 0x0000000082500000, 0x0000000082500000|100%| O|  |TAMS 0x0000000082400000| PB 0x0000000082400000| Untracked 
|  37|0x0000000082500000, 0x0000000082600000, 0x0000000082600000|100%| O|  |TAMS 0x0000000082500000| PB 0x0000000082500000| Untracked 
|  38|0x0000000082600000, 0x0000000082700000, 0x0000000082700000|100%| O|  |TAMS 0x0000000082600000| PB 0x0000000082600000| Untracked 
|  39|0x0000000082700000, 0x0000000082800000, 0x0000000082800000|100%| O|  |TAMS 0x0000000082700000| PB 0x0000000082700000| Untracked 
|  40|0x0000000082800000, 0x0000000082900000, 0x0000000082900000|100%| O|  |TAMS 0x0000000082800000| PB 0x0000000082800000| Untracked 
|  41|0x0000000082900000, 0x0000000082a00000, 0x0000000082a00000|100%| O|  |TAMS 0x0000000082900000| PB 0x0000000082900000| Untracked 
|  42|0x0000000082a00000, 0x0000000082b00000, 0x0000000082b00000|100%| O|  |TAMS 0x0000000082a00000| PB 0x0000000082a00000| Untracked 
|  43|0x0000000082b00000, 0x0000000082c00000, 0x0000000082c00000|100%| O|  |TAMS 0x0000000082b00000| PB 0x0000000082b00000| Untracked 
|  44|0x0000000082c00000, 0x0000000082d00000, 0x0000000082d00000|100%| O|  |TAMS 0x0000000082c00000| PB 0x0000000082c00000| Untracked 
|  45|0x0000000082d00000, 0x0000000082d00000, 0x0000000082e00000|  0%| F|  |TAMS 0x0000000082d00000| PB 0x0000000082d00000| Untracked 
|  46|0x0000000082e00000, 0x0000000082f00000, 0x0000000082f00000|100%| O|  |TAMS 0x0000000082e00000| PB 0x0000000082e00000| Untracked 
|  47|0x0000000082f00000, 0x0000000083000000, 0x0000000083000000|100%| O|  |TAMS 0x0000000082f00000| PB 0x0000000082f00000| Untracked 
|  48|0x0000000083000000, 0x0000000083100000, 0x0000000083100000|100%| O|  |TAMS 0x0000000083000000| PB 0x0000000083000000| Untracked 
|  49|0x0000000083100000, 0x0000000083200000, 0x0000000083200000|100%| O|  |TAMS 0x0000000083100000| PB 0x0000000083100000| Untracked 
|  50|0x0000000083200000, 0x0000000083300000, 0x0000000083300000|100%| O|  |TAMS 0x0000000083200000| PB 0x0000000083200000| Untracked 
|  51|0x0000000083300000, 0x0000000083400000, 0x0000000083400000|100%| O|  |TAMS 0x0000000083300000| PB 0x0000000083300000| Untracked 
|  52|0x0000000083400000, 0x0000000083500000, 0x0000000083500000|100%| O|  |TAMS 0x0000000083400000| PB 0x0000000083400000| Untracked 
|  53|0x0000000083500000, 0x0000000083600000, 0x0000000083600000|100%| O|  |TAMS 0x0000000083500000| PB 0x0000000083500000| Untracked 
|  54|0x0000000083600000, 0x0000000083700000, 0x0000000083700000|100%| O|  |TAMS 0x0000000083600000| PB 0x0000000083600000| Untracked 
|  55|0x0000000083700000, 0x0000000083800000, 0x0000000083800000|100%| O|  |TAMS 0x0000000083700000| PB 0x0000000083700000| Untracked 
|  56|0x0000000083800000, 0x0000000083900000, 0x0000000083900000|100%| O|  |TAMS 0x0000000083800000| PB 0x0000000083800000| Untracked 
|  57|0x0000000083900000, 0x0000000083900000, 0x0000000083a00000|  0%| F|  |TAMS 0x0000000083900000| PB 0x0000000083900000| Untracked 
|  58|0x0000000083a00000, 0x0000000083a00000, 0x0000000083b00000|  0%| F|  |TAMS 0x0000000083a00000| PB 0x0000000083a00000| Untracked 
|  59|0x0000000083b00000, 0x0000000083b00000, 0x0000000083c00000|  0%| F|  |TAMS 0x0000000083b00000| PB 0x0000000083b00000| Untracked 
|  60|0x0000000083c00000, 0x0000000083c00000, 0x0000000083d00000|  0%| F|  |TAMS 0x0000000083c00000| PB 0x0000000083c00000| Untracked 
|  61|0x0000000083d00000, 0x0000000083d00000, 0x0000000083e00000|  0%| F|  |TAMS 0x0000000083d00000| PB 0x0000000083d00000| Untracked 
|  62|0x0000000083e00000, 0x0000000083e00000, 0x0000000083f00000|  0%| F|  |TAMS 0x0000000083e00000| PB 0x0000000083e00000| Untracked 
|  63|0x0000000083f00000, 0x0000000084000000, 0x0000000084000000|100%| O|  |TAMS 0x0000000083f00000| PB 0x0000000083f00000| Untracked 
|  64|0x0000000084000000, 0x0000000084100000, 0x0000000084100000|100%| O|  |TAMS 0x0000000084000000| PB 0x0000000084000000| Untracked 
|  65|0x0000000084100000, 0x0000000084200000, 0x0000000084200000|100%| O|  |TAMS 0x0000000084100000| PB 0x0000000084100000| Untracked 
|  66|0x0000000084200000, 0x0000000084300000, 0x0000000084300000|100%| O|  |TAMS 0x0000000084200000| PB 0x0000000084200000| Untracked 
|  67|0x0000000084300000, 0x0000000084400000, 0x0000000084400000|100%| O|  |TAMS 0x0000000084300000| PB 0x0000000084300000| Untracked 
|  68|0x0000000084400000, 0x0000000084500000, 0x0000000084500000|100%| O|  |TAMS 0x0000000084400000| PB 0x0000000084400000| Untracked 
|  69|0x0000000084500000, 0x0000000084600000, 0x0000000084600000|100%| O|  |TAMS 0x0000000084500000| PB 0x0000000084500000| Untracked 
|  70|0x0000000084600000, 0x0000000084700000, 0x0000000084700000|100%| O|  |TAMS 0x0000000084600000| PB 0x0000000084600000| Untracked 
|  71|0x0000000084700000, 0x0000000084800000, 0x0000000084800000|100%| O|  |TAMS 0x0000000084700000| PB 0x0000000084700000| Untracked 
|  72|0x0000000084800000, 0x0000000084900000, 0x0000000084900000|100%| O|  |TAMS 0x0000000084800000| PB 0x0000000084800000| Untracked 
|  73|0x0000000084900000, 0x0000000084a00000, 0x0000000084a00000|100%| O|  |TAMS 0x0000000084900000| PB 0x0000000084900000| Untracked 
|  74|0x0000000084a00000, 0x0000000084b00000, 0x0000000084b00000|100%| O|  |TAMS 0x0000000084a00000| PB 0x0000000084a00000| Untracked 
|  75|0x0000000084b00000, 0x0000000084c00000, 0x0000000084c00000|100%| O|  |TAMS 0x0000000084b00000| PB 0x0000000084b00000| Untracked 
|  76|0x0000000084c00000, 0x0000000084d00000, 0x0000000084d00000|100%| O|  |TAMS 0x0000000084c00000| PB 0x0000000084c00000| Untracked 
|  77|0x0000000084d00000, 0x0000000084e00000, 0x0000000084e00000|100%| O|  |TAMS 0x0000000084d00000| PB 0x0000000084d00000| Untracked 
|  78|0x0000000084e00000, 0x0000000084f00000, 0x0000000084f00000|100%| O|  |TAMS 0x0000000084e00000| PB 0x0000000084e00000| Untracked 
|  79|0x0000000084f00000, 0x0000000085000000, 0x0000000085000000|100%| O|  |TAMS 0x0000000084f00000| PB 0x0000000084f00000| Untracked 
|  80|0x0000000085000000, 0x0000000085100000, 0x0000000085100000|100%| O|  |TAMS 0x0000000085000000| PB 0x0000000085000000| Untracked 
|  81|0x0000000085100000, 0x0000000085200000, 0x0000000085200000|100%| O|  |TAMS 0x0000000085100000| PB 0x0000000085100000| Untracked 
|  82|0x0000000085200000, 0x0000000085300000, 0x0000000085300000|100%| O|  |TAMS 0x0000000085200000| PB 0x0000000085200000| Untracked 
|  83|0x0000000085300000, 0x0000000085300000, 0x0000000085400000|  0%| F|  |TAMS 0x0000000085300000| PB 0x0000000085300000| Untracked 
|  84|0x0000000085400000, 0x0000000085500000, 0x0000000085500000|100%| O|  |TAMS 0x0000000085400000| PB 0x0000000085400000| Untracked 
|  85|0x0000000085500000, 0x0000000085600000, 0x0000000085600000|100%| O|  |TAMS 0x0000000085500000| PB 0x0000000085500000| Untracked 
|  86|0x0000000085600000, 0x0000000085700000, 0x0000000085700000|100%| O|  |TAMS 0x0000000085600000| PB 0x0000000085600000| Untracked 
|  87|0x0000000085700000, 0x0000000085800000, 0x0000000085800000|100%| O|  |TAMS 0x0000000085700000| PB 0x0000000085700000| Untracked 
|  88|0x0000000085800000, 0x0000000085900000, 0x0000000085900000|100%| O|  |TAMS 0x0000000085800000| PB 0x0000000085800000| Untracked 
|  89|0x0000000085900000, 0x0000000085a00000, 0x0000000085a00000|100%| O|  |TAMS 0x0000000085900000| PB 0x0000000085900000| Untracked 
|  90|0x0000000085a00000, 0x0000000085a00000, 0x0000000085b00000|  0%| F|  |TAMS 0x0000000085a00000| PB 0x0000000085a00000| Untracked 
|  91|0x0000000085b00000, 0x0000000085c00000, 0x0000000085c00000|100%| O|  |TAMS 0x0000000085b00000| PB 0x0000000085b00000| Untracked 
|  92|0x0000000085c00000, 0x0000000085d00000, 0x0000000085d00000|100%| O|  |TAMS 0x0000000085c00000| PB 0x0000000085c00000| Untracked 
|  93|0x0000000085d00000, 0x0000000085e00000, 0x0000000085e00000|100%|HS|  |TAMS 0x0000000085d00000| PB 0x0000000085d00000| Complete 
|  94|0x0000000085e00000, 0x0000000085f00000, 0x0000000085f00000|100%|HC|  |TAMS 0x0000000085e00000| PB 0x0000000085e00000| Complete 
|  95|0x0000000085f00000, 0x0000000086000000, 0x0000000086000000|100%|HS|  |TAMS 0x0000000085f00000| PB 0x0000000085f00000| Complete 
|  96|0x0000000086000000, 0x0000000086100000, 0x0000000086100000|100%| O|  |TAMS 0x0000000086000000| PB 0x0000000086000000| Untracked 
|  97|0x0000000086100000, 0x0000000086200000, 0x0000000086200000|100%| O|  |TAMS 0x0000000086100000| PB 0x0000000086100000| Untracked 
|  98|0x0000000086200000, 0x0000000086300000, 0x0000000086300000|100%| O|  |TAMS 0x0000000086200000| PB 0x0000000086200000| Untracked 
|  99|0x0000000086300000, 0x0000000086400000, 0x0000000086400000|100%| O|  |TAMS 0x0000000086300000| PB 0x0000000086300000| Untracked 
| 100|0x0000000086400000, 0x0000000086500000, 0x0000000086500000|100%|HS|  |TAMS 0x0000000086400000| PB 0x0000000086400000| Complete 
| 101|0x0000000086500000, 0x0000000086600000, 0x0000000086600000|100%|HS|  |TAMS 0x0000000086500000| PB 0x0000000086500000| Complete 
| 102|0x0000000086600000, 0x0000000086700000, 0x0000000086700000|100%|HS|  |TAMS 0x0000000086600000| PB 0x0000000086600000| Complete 
| 103|0x0000000086700000, 0x0000000086800000, 0x0000000086800000|100%|HC|  |TAMS 0x0000000086700000| PB 0x0000000086700000| Complete 
| 104|0x0000000086800000, 0x0000000086900000, 0x0000000086900000|100%|HS|  |TAMS 0x0000000086800000| PB 0x0000000086800000| Complete 
| 105|0x0000000086900000, 0x0000000086a00000, 0x0000000086a00000|100%|HC|  |TAMS 0x0000000086900000| PB 0x0000000086900000| Complete 
| 106|0x0000000086a00000, 0x0000000086b00000, 0x0000000086b00000|100%|HC|  |TAMS 0x0000000086a00000| PB 0x0000000086a00000| Complete 
| 107|0x0000000086b00000, 0x0000000086c00000, 0x0000000086c00000|100%|HS|  |TAMS 0x0000000086b00000| PB 0x0000000086b00000| Complete 
| 108|0x0000000086c00000, 0x0000000086d00000, 0x0000000086d00000|100%|HS|  |TAMS 0x0000000086c00000| PB 0x0000000086c00000| Complete 
| 109|0x0000000086d00000, 0x0000000086e00000, 0x0000000086e00000|100%|HS|  |TAMS 0x0000000086d00000| PB 0x0000000086d00000| Complete 
| 110|0x0000000086e00000, 0x0000000086e00000, 0x0000000086f00000|  0%| F|  |TAMS 0x0000000086e00000| PB 0x0000000086e00000| Untracked 
| 111|0x0000000086f00000, 0x0000000087000000, 0x0000000087000000|100%| O|  |TAMS 0x0000000086f00000| PB 0x0000000086f00000| Untracked 
| 112|0x0000000087000000, 0x0000000087100000, 0x0000000087100000|100%| O|  |TAMS 0x0000000087000000| PB 0x0000000087000000| Untracked 
| 113|0x0000000087100000, 0x0000000087200000, 0x0000000087200000|100%| O|  |TAMS 0x0000000087100000| PB 0x0000000087100000| Untracked 
| 114|0x0000000087200000, 0x0000000087300000, 0x0000000087300000|100%| O|  |TAMS 0x0000000087200000| PB 0x0000000087200000| Untracked 
| 115|0x0000000087300000, 0x0000000087400000, 0x0000000087400000|100%| O|  |TAMS 0x0000000087300000| PB 0x0000000087300000| Untracked 
| 116|0x0000000087400000, 0x0000000087500000, 0x0000000087500000|100%| O|  |TAMS 0x0000000087400000| PB 0x0000000087400000| Untracked 
| 117|0x0000000087500000, 0x0000000087600000, 0x0000000087600000|100%| O|  |TAMS 0x0000000087500000| PB 0x0000000087500000| Untracked 
| 118|0x0000000087600000, 0x0000000087700000, 0x0000000087700000|100%| O|  |TAMS 0x0000000087600000| PB 0x0000000087600000| Untracked 
| 119|0x0000000087700000, 0x0000000087800000, 0x0000000087800000|100%| O|  |TAMS 0x0000000087700000| PB 0x0000000087700000| Untracked 
| 120|0x0000000087800000, 0x0000000087900000, 0x0000000087900000|100%| O|  |TAMS 0x0000000087800000| PB 0x0000000087800000| Untracked 
| 121|0x0000000087900000, 0x0000000087a00000, 0x0000000087a00000|100%| O|  |TAMS 0x0000000087900000| PB 0x0000000087900000| Untracked 
| 122|0x0000000087a00000, 0x0000000087b00000, 0x0000000087b00000|100%| O|  |TAMS 0x0000000087a00000| PB 0x0000000087a00000| Untracked 
| 123|0x0000000087b00000, 0x0000000087c00000, 0x0000000087c00000|100%| O|  |TAMS 0x0000000087b00000| PB 0x0000000087b00000| Untracked 
| 124|0x0000000087c00000, 0x0000000087d00000, 0x0000000087d00000|100%| O|  |TAMS 0x0000000087c00000| PB 0x0000000087c00000| Untracked 
| 125|0x0000000087d00000, 0x0000000087e00000, 0x0000000087e00000|100%| O|  |TAMS 0x0000000087d00000| PB 0x0000000087d00000| Untracked 
| 126|0x0000000087e00000, 0x0000000087f00000, 0x0000000087f00000|100%| O|  |TAMS 0x0000000087e00000| PB 0x0000000087e00000| Untracked 
| 127|0x0000000087f00000, 0x0000000088000000, 0x0000000088000000|100%|HS|  |TAMS 0x0000000087f00000| PB 0x0000000087f00000| Complete 
| 128|0x0000000088000000, 0x0000000088000000, 0x0000000088100000|  0%| F|  |TAMS 0x0000000088000000| PB 0x0000000088000000| Untracked 
| 129|0x0000000088100000, 0x0000000088200000, 0x0000000088200000|100%| O|  |TAMS 0x0000000088100000| PB 0x0000000088100000| Untracked 
| 130|0x0000000088200000, 0x0000000088300000, 0x0000000088300000|100%| O|  |TAMS 0x0000000088200000| PB 0x0000000088200000| Untracked 
| 131|0x0000000088300000, 0x0000000088400000, 0x0000000088400000|100%| O|  |TAMS 0x0000000088300000| PB 0x0000000088300000| Untracked 
| 132|0x0000000088400000, 0x0000000088400000, 0x0000000088500000|  0%| F|  |TAMS 0x0000000088400000| PB 0x0000000088400000| Untracked 
| 133|0x0000000088500000, 0x0000000088600000, 0x0000000088600000|100%| O|  |TAMS 0x0000000088500000| PB 0x0000000088500000| Untracked 
| 134|0x0000000088600000, 0x0000000088700000, 0x0000000088700000|100%| O|  |TAMS 0x0000000088600000| PB 0x0000000088600000| Untracked 
| 135|0x0000000088700000, 0x0000000088800000, 0x0000000088800000|100%| O|  |TAMS 0x0000000088700000| PB 0x0000000088700000| Untracked 
| 136|0x0000000088800000, 0x0000000088900000, 0x0000000088900000|100%| O|  |TAMS 0x0000000088800000| PB 0x0000000088800000| Untracked 
| 137|0x0000000088900000, 0x0000000088a00000, 0x0000000088a00000|100%|HS|  |TAMS 0x0000000088900000| PB 0x0000000088900000| Complete 
| 138|0x0000000088a00000, 0x0000000088b00000, 0x0000000088b00000|100%|HC|  |TAMS 0x0000000088a00000| PB 0x0000000088a00000| Complete 
| 139|0x0000000088b00000, 0x0000000088c00000, 0x0000000088c00000|100%|HC|  |TAMS 0x0000000088b00000| PB 0x0000000088b00000| Complete 
| 140|0x0000000088c00000, 0x0000000088d00000, 0x0000000088d00000|100%| O|  |TAMS 0x0000000088c00000| PB 0x0000000088c00000| Untracked 
| 141|0x0000000088d00000, 0x0000000088e00000, 0x0000000088e00000|100%| O|  |TAMS 0x0000000088d00000| PB 0x0000000088d00000| Untracked 
| 142|0x0000000088e00000, 0x0000000088f00000, 0x0000000088f00000|100%| O|  |TAMS 0x0000000088e00000| PB 0x0000000088e00000| Untracked 
| 143|0x0000000088f00000, 0x0000000089000000, 0x0000000089000000|100%| O|  |TAMS 0x0000000088f00000| PB 0x0000000088f00000| Untracked 
| 144|0x0000000089000000, 0x0000000089100000, 0x0000000089100000|100%| O|  |TAMS 0x0000000089000000| PB 0x0000000089000000| Untracked 
| 145|0x0000000089100000, 0x0000000089200000, 0x0000000089200000|100%| O|  |TAMS 0x0000000089100000| PB 0x0000000089100000| Untracked 
| 146|0x0000000089200000, 0x0000000089300000, 0x0000000089300000|100%| O|  |TAMS 0x0000000089200000| PB 0x0000000089200000| Untracked 
| 147|0x0000000089300000, 0x0000000089400000, 0x0000000089400000|100%| O|  |TAMS 0x0000000089300000| PB 0x0000000089300000| Untracked 
| 148|0x0000000089400000, 0x0000000089500000, 0x0000000089500000|100%| O|  |TAMS 0x0000000089400000| PB 0x0000000089400000| Untracked 
| 149|0x0000000089500000, 0x0000000089600000, 0x0000000089600000|100%| O|  |TAMS 0x0000000089500000| PB 0x0000000089500000| Untracked 
| 150|0x0000000089600000, 0x0000000089700000, 0x0000000089700000|100%| O|  |TAMS 0x0000000089600000| PB 0x0000000089600000| Untracked 
| 151|0x0000000089700000, 0x0000000089800000, 0x0000000089800000|100%| O|  |TAMS 0x0000000089700000| PB 0x0000000089700000| Untracked 
| 152|0x0000000089800000, 0x0000000089900000, 0x0000000089900000|100%| O|  |TAMS 0x0000000089800000| PB 0x0000000089800000| Untracked 
| 153|0x0000000089900000, 0x0000000089a00000, 0x0000000089a00000|100%| O|  |TAMS 0x0000000089900000| PB 0x0000000089900000| Untracked 
| 154|0x0000000089a00000, 0x0000000089b00000, 0x0000000089b00000|100%| O|  |TAMS 0x0000000089a00000| PB 0x0000000089a00000| Untracked 
| 155|0x0000000089b00000, 0x0000000089c00000, 0x0000000089c00000|100%| O|  |TAMS 0x0000000089b00000| PB 0x0000000089b00000| Untracked 
| 156|0x0000000089c00000, 0x0000000089d00000, 0x0000000089d00000|100%| O|  |TAMS 0x0000000089c00000| PB 0x0000000089c00000| Untracked 
| 157|0x0000000089d00000, 0x0000000089e00000, 0x0000000089e00000|100%| O|  |TAMS 0x0000000089d00000| PB 0x0000000089d00000| Untracked 
| 158|0x0000000089e00000, 0x0000000089f00000, 0x0000000089f00000|100%| O|  |TAMS 0x0000000089e00000| PB 0x0000000089e00000| Untracked 
| 159|0x0000000089f00000, 0x000000008a000000, 0x000000008a000000|100%| O|  |TAMS 0x0000000089f00000| PB 0x0000000089f00000| Untracked 
| 160|0x000000008a000000, 0x000000008a0a92c0, 0x000000008a100000| 66%| O|  |TAMS 0x000000008a000000| PB 0x000000008a000000| Untracked 
| 161|0x000000008a100000, 0x000000008a100000, 0x000000008a200000|  0%| F|  |TAMS 0x000000008a100000| PB 0x000000008a100000| Untracked 
| 162|0x000000008a200000, 0x000000008a200000, 0x000000008a300000|  0%| F|  |TAMS 0x000000008a200000| PB 0x000000008a200000| Untracked 
| 163|0x000000008a300000, 0x000000008a300000, 0x000000008a400000|  0%| F|  |TAMS 0x000000008a300000| PB 0x000000008a300000| Untracked 
| 164|0x000000008a400000, 0x000000008a400000, 0x000000008a500000|  0%| F|  |TAMS 0x000000008a400000| PB 0x000000008a400000| Untracked 
| 165|0x000000008a500000, 0x000000008a500000, 0x000000008a600000|  0%| F|  |TAMS 0x000000008a500000| PB 0x000000008a500000| Untracked 
| 166|0x000000008a600000, 0x000000008a600000, 0x000000008a700000|  0%| F|  |TAMS 0x000000008a600000| PB 0x000000008a600000| Untracked 
| 167|0x000000008a700000, 0x000000008a700000, 0x000000008a800000|  0%| F|  |TAMS 0x000000008a700000| PB 0x000000008a700000| Untracked 
| 168|0x000000008a800000, 0x000000008a800000, 0x000000008a900000|  0%| F|  |TAMS 0x000000008a800000| PB 0x000000008a800000| Untracked 
| 169|0x000000008a900000, 0x000000008a900000, 0x000000008aa00000|  0%| F|  |TAMS 0x000000008a900000| PB 0x000000008a900000| Untracked 
| 170|0x000000008aa00000, 0x000000008aa00000, 0x000000008ab00000|  0%| F|  |TAMS 0x000000008aa00000| PB 0x000000008aa00000| Untracked 
| 171|0x000000008ab00000, 0x000000008ab00000, 0x000000008ac00000|  0%| F|  |TAMS 0x000000008ab00000| PB 0x000000008ab00000| Untracked 
| 172|0x000000008ac00000, 0x000000008ac30f80, 0x000000008ad00000| 19%| S|CS|TAMS 0x000000008ac00000| PB 0x000000008ac00000| Complete 
| 173|0x000000008ad00000, 0x000000008ae00000, 0x000000008ae00000|100%| S|CS|TAMS 0x000000008ad00000| PB 0x000000008ad00000| Complete 
| 174|0x000000008ae00000, 0x000000008af00000, 0x000000008af00000|100%| S|CS|TAMS 0x000000008ae00000| PB 0x000000008ae00000| Complete 
| 175|0x000000008af00000, 0x000000008b000000, 0x000000008b000000|100%| S|CS|TAMS 0x000000008af00000| PB 0x000000008af00000| Complete 
| 176|0x000000008b000000, 0x000000008b100000, 0x000000008b100000|100%| S|CS|TAMS 0x000000008b000000| PB 0x000000008b000000| Complete 
| 177|0x000000008b100000, 0x000000008b200000, 0x000000008b200000|100%| S|CS|TAMS 0x000000008b100000| PB 0x000000008b100000| Complete 
| 178|0x000000008b200000, 0x000000008b300000, 0x000000008b300000|100%| S|CS|TAMS 0x000000008b200000| PB 0x000000008b200000| Complete 
| 179|0x000000008b300000, 0x000000008b300000, 0x000000008b400000|  0%| F|  |TAMS 0x000000008b300000| PB 0x000000008b300000| Untracked 
| 180|0x000000008b400000, 0x000000008b400000, 0x000000008b500000|  0%| F|  |TAMS 0x000000008b400000| PB 0x000000008b400000| Untracked 
| 181|0x000000008b500000, 0x000000008b500000, 0x000000008b600000|  0%| F|  |TAMS 0x000000008b500000| PB 0x000000008b500000| Untracked 
| 182|0x000000008b600000, 0x000000008b600000, 0x000000008b700000|  0%| F|  |TAMS 0x000000008b600000| PB 0x000000008b600000| Untracked 
| 183|0x000000008b700000, 0x000000008b700000, 0x000000008b800000|  0%| F|  |TAMS 0x000000008b700000| PB 0x000000008b700000| Untracked 
| 184|0x000000008b800000, 0x000000008b800000, 0x000000008b900000|  0%| F|  |TAMS 0x000000008b800000| PB 0x000000008b800000| Untracked 
| 185|0x000000008b900000, 0x000000008b900000, 0x000000008ba00000|  0%| F|  |TAMS 0x000000008b900000| PB 0x000000008b900000| Untracked 
| 186|0x000000008ba00000, 0x000000008ba00000, 0x000000008bb00000|  0%| F|  |TAMS 0x000000008ba00000| PB 0x000000008ba00000| Untracked 
| 187|0x000000008bb00000, 0x000000008bb00000, 0x000000008bc00000|  0%| F|  |TAMS 0x000000008bb00000| PB 0x000000008bb00000| Untracked 
| 188|0x000000008bc00000, 0x000000008bc00000, 0x000000008bd00000|  0%| F|  |TAMS 0x000000008bc00000| PB 0x000000008bc00000| Untracked 
| 189|0x000000008bd00000, 0x000000008bd00000, 0x000000008be00000|  0%| F|  |TAMS 0x000000008bd00000| PB 0x000000008bd00000| Untracked 
| 190|0x000000008be00000, 0x000000008be00000, 0x000000008bf00000|  0%| F|  |TAMS 0x000000008be00000| PB 0x000000008be00000| Untracked 
| 191|0x000000008bf00000, 0x000000008bf00000, 0x000000008c000000|  0%| F|  |TAMS 0x000000008bf00000| PB 0x000000008bf00000| Untracked 
| 192|0x000000008c000000, 0x000000008c000000, 0x000000008c100000|  0%| F|  |TAMS 0x000000008c000000| PB 0x000000008c000000| Untracked 
| 193|0x000000008c100000, 0x000000008c100000, 0x000000008c200000|  0%| F|  |TAMS 0x000000008c100000| PB 0x000000008c100000| Untracked 
| 194|0x000000008c200000, 0x000000008c200000, 0x000000008c300000|  0%| F|  |TAMS 0x000000008c200000| PB 0x000000008c200000| Untracked 
| 195|0x000000008c300000, 0x000000008c300000, 0x000000008c400000|  0%| F|  |TAMS 0x000000008c300000| PB 0x000000008c300000| Untracked 
| 196|0x000000008c400000, 0x000000008c400000, 0x000000008c500000|  0%| F|  |TAMS 0x000000008c400000| PB 0x000000008c400000| Untracked 
| 197|0x000000008c500000, 0x000000008c500000, 0x000000008c600000|  0%| F|  |TAMS 0x000000008c500000| PB 0x000000008c500000| Untracked 
| 198|0x000000008c600000, 0x000000008c600000, 0x000000008c700000|  0%| F|  |TAMS 0x000000008c600000| PB 0x000000008c600000| Untracked 
| 199|0x000000008c700000, 0x000000008c700000, 0x000000008c800000|  0%| F|  |TAMS 0x000000008c700000| PB 0x000000008c700000| Untracked 
| 200|0x000000008c800000, 0x000000008c800000, 0x000000008c900000|  0%| F|  |TAMS 0x000000008c800000| PB 0x000000008c800000| Untracked 
| 201|0x000000008c900000, 0x000000008c900000, 0x000000008ca00000|  0%| F|  |TAMS 0x000000008c900000| PB 0x000000008c900000| Untracked 
| 202|0x000000008ca00000, 0x000000008ca00000, 0x000000008cb00000|  0%| F|  |TAMS 0x000000008ca00000| PB 0x000000008ca00000| Untracked 
| 203|0x000000008cb00000, 0x000000008cb00000, 0x000000008cc00000|  0%| F|  |TAMS 0x000000008cb00000| PB 0x000000008cb00000| Untracked 
| 204|0x000000008cc00000, 0x000000008cc00000, 0x000000008cd00000|  0%| F|  |TAMS 0x000000008cc00000| PB 0x000000008cc00000| Untracked 
| 205|0x000000008cd00000, 0x000000008cd00000, 0x000000008ce00000|  0%| F|  |TAMS 0x000000008cd00000| PB 0x000000008cd00000| Untracked 
| 206|0x000000008ce00000, 0x000000008ce00000, 0x000000008cf00000|  0%| F|  |TAMS 0x000000008ce00000| PB 0x000000008ce00000| Untracked 
| 207|0x000000008cf00000, 0x000000008cf00000, 0x000000008d000000|  0%| F|  |TAMS 0x000000008cf00000| PB 0x000000008cf00000| Untracked 
| 208|0x000000008d000000, 0x000000008d000000, 0x000000008d100000|  0%| F|  |TAMS 0x000000008d000000| PB 0x000000008d000000| Untracked 
| 209|0x000000008d100000, 0x000000008d100000, 0x000000008d200000|  0%| F|  |TAMS 0x000000008d100000| PB 0x000000008d100000| Untracked 
| 210|0x000000008d200000, 0x000000008d200000, 0x000000008d300000|  0%| F|  |TAMS 0x000000008d200000| PB 0x000000008d200000| Untracked 
| 211|0x000000008d300000, 0x000000008d300000, 0x000000008d400000|  0%| F|  |TAMS 0x000000008d300000| PB 0x000000008d300000| Untracked 
| 212|0x000000008d400000, 0x000000008d400000, 0x000000008d500000|  0%| F|  |TAMS 0x000000008d400000| PB 0x000000008d400000| Untracked 
| 213|0x000000008d500000, 0x000000008d580000, 0x000000008d600000| 50%| E|  |TAMS 0x000000008d500000| PB 0x000000008d500000| Complete 
| 214|0x000000008d600000, 0x000000008d700000, 0x000000008d700000|100%| E|CS|TAMS 0x000000008d600000| PB 0x000000008d600000| Complete 
| 215|0x000000008d700000, 0x000000008d800000, 0x000000008d800000|100%| E|CS|TAMS 0x000000008d700000| PB 0x000000008d700000| Complete 
| 216|0x000000008d800000, 0x000000008d900000, 0x000000008d900000|100%| E|CS|TAMS 0x000000008d800000| PB 0x000000008d800000| Complete 
| 217|0x000000008d900000, 0x000000008da00000, 0x000000008da00000|100%| E|CS|TAMS 0x000000008d900000| PB 0x000000008d900000| Complete 
| 218|0x000000008da00000, 0x000000008db00000, 0x000000008db00000|100%| E|CS|TAMS 0x000000008da00000| PB 0x000000008da00000| Complete 
| 219|0x000000008db00000, 0x000000008dc00000, 0x000000008dc00000|100%| E|CS|TAMS 0x000000008db00000| PB 0x000000008db00000| Complete 
| 220|0x000000008dc00000, 0x000000008dd00000, 0x000000008dd00000|100%| E|CS|TAMS 0x000000008dc00000| PB 0x000000008dc00000| Complete 
| 221|0x000000008dd00000, 0x000000008de00000, 0x000000008de00000|100%| E|CS|TAMS 0x000000008dd00000| PB 0x000000008dd00000| Complete 
| 222|0x000000008de00000, 0x000000008df00000, 0x000000008df00000|100%| E|CS|TAMS 0x000000008de00000| PB 0x000000008de00000| Complete 
| 223|0x000000008df00000, 0x000000008e000000, 0x000000008e000000|100%| E|CS|TAMS 0x000000008df00000| PB 0x000000008df00000| Complete 
| 224|0x000000008e000000, 0x000000008e100000, 0x000000008e100000|100%| E|CS|TAMS 0x000000008e000000| PB 0x000000008e000000| Complete 
| 225|0x000000008e100000, 0x000000008e200000, 0x000000008e200000|100%| E|CS|TAMS 0x000000008e100000| PB 0x000000008e100000| Complete 
| 226|0x000000008e200000, 0x000000008e300000, 0x000000008e300000|100%| E|CS|TAMS 0x000000008e200000| PB 0x000000008e200000| Complete 
| 227|0x000000008e300000, 0x000000008e400000, 0x000000008e400000|100%| E|CS|TAMS 0x000000008e300000| PB 0x000000008e300000| Complete 
| 228|0x000000008e400000, 0x000000008e500000, 0x000000008e500000|100%| E|CS|TAMS 0x000000008e400000| PB 0x000000008e400000| Complete 
| 229|0x000000008e500000, 0x000000008e600000, 0x000000008e600000|100%| E|CS|TAMS 0x000000008e500000| PB 0x000000008e500000| Complete 
| 230|0x000000008e600000, 0x000000008e700000, 0x000000008e700000|100%| E|CS|TAMS 0x000000008e600000| PB 0x000000008e600000| Complete 
| 231|0x000000008e700000, 0x000000008e800000, 0x000000008e800000|100%| E|CS|TAMS 0x000000008e700000| PB 0x000000008e700000| Complete 
| 232|0x000000008e800000, 0x000000008e900000, 0x000000008e900000|100%| E|CS|TAMS 0x000000008e800000| PB 0x000000008e800000| Complete 
| 233|0x000000008e900000, 0x000000008ea00000, 0x000000008ea00000|100%| E|CS|TAMS 0x000000008e900000| PB 0x000000008e900000| Complete 
| 234|0x000000008ea00000, 0x000000008eb00000, 0x000000008eb00000|100%| E|CS|TAMS 0x000000008ea00000| PB 0x000000008ea00000| Complete 
| 235|0x000000008eb00000, 0x000000008ec00000, 0x000000008ec00000|100%| E|CS|TAMS 0x000000008eb00000| PB 0x000000008eb00000| Complete 
| 236|0x000000008ec00000, 0x000000008ed00000, 0x000000008ed00000|100%| E|CS|TAMS 0x000000008ec00000| PB 0x000000008ec00000| Complete 
| 237|0x000000008ed00000, 0x000000008ee00000, 0x000000008ee00000|100%| E|CS|TAMS 0x000000008ed00000| PB 0x000000008ed00000| Complete 
| 238|0x000000008ee00000, 0x000000008ef00000, 0x000000008ef00000|100%| E|CS|TAMS 0x000000008ee00000| PB 0x000000008ee00000| Complete 
| 239|0x000000008ef00000, 0x000000008f000000, 0x000000008f000000|100%| E|CS|TAMS 0x000000008ef00000| PB 0x000000008ef00000| Complete 
| 240|0x000000008f000000, 0x000000008f100000, 0x000000008f100000|100%| E|CS|TAMS 0x000000008f000000| PB 0x000000008f000000| Complete 
| 241|0x000000008f100000, 0x000000008f200000, 0x000000008f200000|100%| E|CS|TAMS 0x000000008f100000| PB 0x000000008f100000| Complete 
| 242|0x000000008f200000, 0x000000008f300000, 0x000000008f300000|100%| E|CS|TAMS 0x000000008f200000| PB 0x000000008f200000| Complete 
| 243|0x000000008f300000, 0x000000008f400000, 0x000000008f400000|100%| E|CS|TAMS 0x000000008f300000| PB 0x000000008f300000| Complete 
| 244|0x000000008f400000, 0x000000008f500000, 0x000000008f500000|100%| E|CS|TAMS 0x000000008f400000| PB 0x000000008f400000| Complete 
| 245|0x000000008f500000, 0x000000008f600000, 0x000000008f600000|100%| E|CS|TAMS 0x000000008f500000| PB 0x000000008f500000| Complete 
| 246|0x000000008f600000, 0x000000008f700000, 0x000000008f700000|100%| E|CS|TAMS 0x000000008f600000| PB 0x000000008f600000| Complete 
| 247|0x000000008f700000, 0x000000008f800000, 0x000000008f800000|100%| E|CS|TAMS 0x000000008f700000| PB 0x000000008f700000| Complete 
| 248|0x000000008f800000, 0x000000008f900000, 0x000000008f900000|100%| E|CS|TAMS 0x000000008f800000| PB 0x000000008f800000| Complete 
| 249|0x000000008f900000, 0x000000008fa00000, 0x000000008fa00000|100%| E|CS|TAMS 0x000000008f900000| PB 0x000000008f900000| Complete 
| 250|0x000000008fa00000, 0x000000008fb00000, 0x000000008fb00000|100%| E|CS|TAMS 0x000000008fa00000| PB 0x000000008fa00000| Complete 
| 251|0x000000008fb00000, 0x000000008fc00000, 0x000000008fc00000|100%| E|CS|TAMS 0x000000008fb00000| PB 0x000000008fb00000| Complete 
| 252|0x000000008fc00000, 0x000000008fd00000, 0x000000008fd00000|100%| E|CS|TAMS 0x000000008fc00000| PB 0x000000008fc00000| Complete 
| 253|0x000000008fd00000, 0x000000008fe00000, 0x000000008fe00000|100%| E|CS|TAMS 0x000000008fd00000| PB 0x000000008fd00000| Complete 
| 254|0x000000008fe00000, 0x000000008ff00000, 0x000000008ff00000|100%| E|CS|TAMS 0x000000008fe00000| PB 0x000000008fe00000| Complete 
| 255|0x000000008ff00000, 0x0000000090000000, 0x0000000090000000|100%| E|CS|TAMS 0x000000008ff00000| PB 0x000000008ff00000| Complete 
| 256|0x0000000090000000, 0x0000000090100000, 0x0000000090100000|100%| E|CS|TAMS 0x0000000090000000| PB 0x0000000090000000| Complete 
| 257|0x0000000090100000, 0x0000000090200000, 0x0000000090200000|100%| E|CS|TAMS 0x0000000090100000| PB 0x0000000090100000| Complete 
| 258|0x0000000090200000, 0x0000000090300000, 0x0000000090300000|100%| E|CS|TAMS 0x0000000090200000| PB 0x0000000090200000| Complete 
| 259|0x0000000090300000, 0x0000000090400000, 0x0000000090400000|100%| E|CS|TAMS 0x0000000090300000| PB 0x0000000090300000| Complete 
| 260|0x0000000090400000, 0x0000000090500000, 0x0000000090500000|100%| E|CS|TAMS 0x0000000090400000| PB 0x0000000090400000| Complete 
| 261|0x0000000090500000, 0x0000000090600000, 0x0000000090600000|100%| E|CS|TAMS 0x0000000090500000| PB 0x0000000090500000| Complete 
| 262|0x0000000090600000, 0x0000000090700000, 0x0000000090700000|100%| E|CS|TAMS 0x0000000090600000| PB 0x0000000090600000| Complete 
| 263|0x0000000090700000, 0x0000000090800000, 0x0000000090800000|100%| E|CS|TAMS 0x0000000090700000| PB 0x0000000090700000| Complete 
| 264|0x0000000090800000, 0x0000000090900000, 0x0000000090900000|100%| E|CS|TAMS 0x0000000090800000| PB 0x0000000090800000| Complete 
| 265|0x0000000090900000, 0x0000000090a00000, 0x0000000090a00000|100%| E|CS|TAMS 0x0000000090900000| PB 0x0000000090900000| Complete 
| 266|0x0000000090a00000, 0x0000000090b00000, 0x0000000090b00000|100%| E|CS|TAMS 0x0000000090a00000| PB 0x0000000090a00000| Complete 
| 315|0x0000000093b00000, 0x0000000093c00000, 0x0000000093c00000|100%| E|CS|TAMS 0x0000000093b00000| PB 0x0000000093b00000| Complete 
|2026|0x00000000fea00000, 0x00000000feb00000, 0x00000000feb00000|100%| E|CS|TAMS 0x00000000fea00000| PB 0x00000000fea00000| Complete 
|2027|0x00000000feb00000, 0x00000000fec00000, 0x00000000fec00000|100%| E|CS|TAMS 0x00000000feb00000| PB 0x00000000feb00000| Complete 
|2028|0x00000000fec00000, 0x00000000fed00000, 0x00000000fed00000|100%| E|CS|TAMS 0x00000000fec00000| PB 0x00000000fec00000| Complete 
|2029|0x00000000fed00000, 0x00000000fee00000, 0x00000000fee00000|100%| O|  |TAMS 0x00000000fed00000| PB 0x00000000fed00000| Untracked 
|2030|0x00000000fee00000, 0x00000000fef00000, 0x00000000fef00000|100%| E|CS|TAMS 0x00000000fee00000| PB 0x00000000fee00000| Complete 
|2031|0x00000000fef00000, 0x00000000ff000000, 0x00000000ff000000|100%| O|  |TAMS 0x00000000fef00000| PB 0x00000000fef00000| Untracked 
|2032|0x00000000ff000000, 0x00000000ff100000, 0x00000000ff100000|100%| O|  |TAMS 0x00000000ff000000| PB 0x00000000ff000000| Untracked 
|2033|0x00000000ff100000, 0x00000000ff200000, 0x00000000ff200000|100%| O|  |TAMS 0x00000000ff100000| PB 0x00000000ff100000| Untracked 
|2034|0x00000000ff200000, 0x00000000ff300000, 0x00000000ff300000|100%| O|  |TAMS 0x00000000ff200000| PB 0x00000000ff200000| Untracked 
|2035|0x00000000ff300000, 0x00000000ff400000, 0x00000000ff400000|100%| O|  |TAMS 0x00000000ff300000| PB 0x00000000ff300000| Untracked 
|2036|0x00000000ff400000, 0x00000000ff500000, 0x00000000ff500000|100%| O|  |TAMS 0x00000000ff400000| PB 0x00000000ff400000| Untracked 
|2037|0x00000000ff500000, 0x00000000ff600000, 0x00000000ff600000|100%| O|  |TAMS 0x00000000ff500000| PB 0x00000000ff500000| Untracked 
|2038|0x00000000ff600000, 0x00000000ff700000, 0x00000000ff700000|100%| O|  |TAMS 0x00000000ff600000| PB 0x00000000ff600000| Untracked 
|2039|0x00000000ff700000, 0x00000000ff800000, 0x00000000ff800000|100%| O|  |TAMS 0x00000000ff700000| PB 0x00000000ff700000| Untracked 
|2040|0x00000000ff800000, 0x00000000ff900000, 0x00000000ff900000|100%| E|CS|TAMS 0x00000000ff800000| PB 0x00000000ff800000| Complete 
|2041|0x00000000ff900000, 0x00000000ffa00000, 0x00000000ffa00000|100%| E|CS|TAMS 0x00000000ff900000| PB 0x00000000ff900000| Complete 
|2042|0x00000000ffa00000, 0x00000000ffb00000, 0x00000000ffb00000|100%| E|CS|TAMS 0x00000000ffa00000| PB 0x00000000ffa00000| Complete 
|2043|0x00000000ffb00000, 0x00000000ffc00000, 0x00000000ffc00000|100%| O|  |TAMS 0x00000000ffb00000| PB 0x00000000ffb00000| Untracked 
|2044|0x00000000ffc00000, 0x00000000ffd00000, 0x00000000ffd00000|100%| O|  |TAMS 0x00000000ffc00000| PB 0x00000000ffc00000| Untracked 
|2045|0x00000000ffd00000, 0x00000000ffe00000, 0x00000000ffe00000|100%| O|  |TAMS 0x00000000ffd00000| PB 0x00000000ffd00000| Untracked 
|2046|0x00000000ffe00000, 0x00000000fff00000, 0x00000000fff00000|100%| O|  |TAMS 0x00000000ffe00000| PB 0x00000000ffe00000| Untracked 
|2047|0x00000000fff00000, 0x0000000100000000, 0x0000000100000000|100%| O|  |TAMS 0x00000000fff00000| PB 0x00000000fff00000| Untracked 

Card table byte_map: [0x00000189f8ec0000,0x00000189f92c0000] _byte_map_base: 0x00000189f8ac0000

Marking Bits: (CMBitMap*) 0x00000189e433de30
 Bits: [0x00000189f92c0000, 0x00000189fb2c0000)

Polling page: 0x00000189e4230000

Metaspace:

Usage:
  Non-class:    135.87 MB used.
      Class:     20.67 MB used.
       Both:    156.54 MB used.

Virtual space:
  Non-class space:      192.00 MB reserved,     137.25 MB ( 71%) committed,  3 nodes.
      Class space:        1.00 GB reserved,      22.00 MB (  2%) committed,  1 nodes.
             Both:        1.19 GB reserved,     159.25 MB ( 13%) committed. 

Chunk freelists:
   Non-Class:  6.36 MB
       Class:  9.82 MB
        Both:  16.18 MB

MaxMetaspaceSize: unlimited
CompressedClassSpaceSize: 1.00 GB
Initial GC threshold: 21.00 MB
Current GC threshold: 242.12 MB
CDS: on
 - commit_granule_bytes: 65536.
 - commit_granule_words: 8192.
 - virtual_space_node_default_size: 8388608.
 - enlarge_chunks_in_place: 1.
 - use_allocation_guard: 0.


Internal statistics:

num_allocs_failed_limit: 9.
num_arena_births: 5124.
num_arena_deaths: 2.
num_vsnodes_births: 4.
num_vsnodes_deaths: 0.
num_space_committed: 2546.
num_space_uncommitted: 0.
num_chunks_returned_to_freelist: 17.
num_chunks_taken_from_freelist: 12053.
num_chunk_merges: 10.
num_chunk_splits: 8362.
num_chunks_enlarged: 5726.
num_inconsistent_stats: 0.

CodeHeap 'non-profiled nmethods': size=120000Kb used=11148Kb max_used=11148Kb free=108851Kb
 bounds [0x00000189f1260000, 0x00000189f1d50000, 0x00000189f8790000]
CodeHeap 'profiled nmethods': size=120000Kb used=38235Kb max_used=38235Kb free=81765Kb
 bounds [0x00000189e9790000, 0x00000189ebcf0000, 0x00000189f0cc0000]
CodeHeap 'non-nmethods': size=5760Kb used=3293Kb max_used=3340Kb free=2466Kb
 bounds [0x00000189f0cc0000, 0x00000189f1010000, 0x00000189f1260000]
CodeCache: size=245760Kb, used=52676Kb, max_used=52723Kb, free=193082Kb
 total_blobs=18818, nmethods=17601, adapters=1118, full_count=0
Compilation: enabled, stopped_count=0, restarted_count=0

Compilation events (20 events):
Event: 48.979 Thread 0x00000189fdde8af0 nmethod 20525 0x00000189ebca9d10 code [0x00000189ebca9ec0, 0x00000189ebca9fd8]
Event: 48.979 Thread 0x00000189fdde8af0 20526       3       org.gradle.kotlin.dsl.provider.KotlinScriptClassPathProviderKt::isKotlinJar (30 bytes)
Event: 48.980 Thread 0x00000189fdde8af0 nmethod 20526 0x00000189ebcaa090 code [0x00000189ebcaa260, 0x00000189ebcaa538]
Event: 48.980 Thread 0x00000189fdde8af0 20527       3       org.gradle.kotlin.dsl.support.ProjectExtensionsKt::isGradleKotlinDslJarName (16 bytes)
Event: 48.982 Thread 0x00000189fdde8af0 nmethod 20527 0x00000189ebcaa690 code [0x00000189ebcaa8c0, 0x00000189ebcaaf10]
Event: 48.983 Thread 0x00000189d417f7d0 nmethod 20515 0x00000189f1d36110 code [0x00000189f1d363c0, 0x00000189f1d36bf0]
Event: 48.984 Thread 0x00000189fdde8af0 20528       3       kotlin.coroutines.jvm.internal.DebugProbesKt::probeCoroutineCreated (8 bytes)
Event: 48.985 Thread 0x00000189fdde8af0 nmethod 20528 0x00000189ebcab190 code [0x00000189ebcab3a0, 0x00000189ebcab918]
Event: 48.985 Thread 0x00000189d417f7d0 20502       4       com.google.common.collect.SingletonImmutableList::iterator (5 bytes)
Event: 48.988 Thread 0x00000189d417f7d0 nmethod 20502 0x00000189f1d37510 code [0x00000189f1d376a0, 0x00000189f1d37790]
Event: 48.988 Thread 0x00000189d417f7d0 20530   !   4       org.gradle.cache.internal.LockOnDemandCrossProcessCacheAccess::incrementLockCount (191 bytes)
Event: 48.994 Thread 0x00000189fdde8af0 20532       3       java.lang.Character::forDigit (42 bytes)
Event: 48.994 Thread 0x00000189fdde8af0 nmethod 20532 0x00000189ebcabb90 code [0x00000189ebcabd40, 0x00000189ebcabfc0]
Event: 48.994 Thread 0x00000189fdde8af0 20533       3       org.gradle.internal.resource.ExternalResourceName::isUpperCaseChar (18 bytes)
Event: 48.995 Thread 0x00000189fdde8af0 nmethod 20533 0x00000189ebcac090 code [0x00000189ebcac220, 0x00000189ebcac390]
Event: 48.995 Thread 0x00000189fdde8af0 20534       3       org.gradle.internal.resource.ExternalResourceName::isDigit (18 bytes)
Event: 48.995 Thread 0x00000189fdde8af0 nmethod 20534 0x00000189ebcac410 code [0x00000189ebcac5a0, 0x00000189ebcac710]
Event: 49.001 Thread 0x00000189fdde8af0 20535       3       java.util.TreeSet::iterator (15 bytes)
Event: 49.001 Thread 0x00000189fdde8af0 nmethod 20535 0x00000189ebcac790 code [0x00000189ebcac960, 0x00000189ebcacbf8]
Event: 49.012 Thread 0x00000189d417f7d0 nmethod 20530 0x00000189f1d37890 code [0x00000189f1d37b40, 0x00000189f1d38768]

GC Heap History (20 events):
Event: 35.495 GC heap before
{Heap before GC invocations=44 (full 0):
 garbage-first heap   total 209920K, used 196322K [0x0000000080000000, 0x0000000100000000)
  region size 1024K, 67 young (68608K), 9 survivors (9216K)
 Metaspace       used 124470K, committed 126784K, reserved 1179648K
  class space    used 16339K, committed 17472K, reserved 1048576K
}
Event: 35.510 GC heap after
{Heap after GC invocations=45 (full 0):
 garbage-first heap   total 219136K, used 135375K [0x0000000080000000, 0x0000000100000000)
  region size 1024K, 9 young (9216K), 9 survivors (9216K)
 Metaspace       used 124470K, committed 126784K, reserved 1179648K
  class space    used 16339K, committed 17472K, reserved 1048576K
}
Event: 36.067 GC heap before
{Heap before GC invocations=45 (full 0):
 garbage-first heap   total 219136K, used 165071K [0x0000000080000000, 0x0000000100000000)
  region size 1024K, 39 young (39936K), 9 survivors (9216K)
 Metaspace       used 124883K, committed 127232K, reserved 1179648K
  class space    used 16346K, committed 17536K, reserved 1048576K
}
Event: 36.075 GC heap after
{Heap after GC invocations=46 (full 0):
 garbage-first heap   total 219136K, used 139972K [0x0000000080000000, 0x0000000100000000)
  region size 1024K, 5 young (5120K), 5 survivors (5120K)
 Metaspace       used 124883K, committed 127232K, reserved 1179648K
  class space    used 16346K, committed 17536K, reserved 1048576K
}
Event: 37.141 GC heap before
{Heap before GC invocations=47 (full 0):
 garbage-first heap   total 240640K, used 201412K [0x0000000080000000, 0x0000000100000000)
  region size 1024K, 60 young (61440K), 5 survivors (5120K)
 Metaspace       used 129115K, committed 131456K, reserved 1179648K
  class space    used 16822K, committed 17984K, reserved 1048576K
}
Event: 37.147 GC heap after
{Heap after GC invocations=48 (full 0):
 garbage-first heap   total 240640K, used 150642K [0x0000000080000000, 0x0000000100000000)
  region size 1024K, 6 young (6144K), 6 survivors (6144K)
 Metaspace       used 129115K, committed 131456K, reserved 1179648K
  class space    used 16822K, committed 17984K, reserved 1048576K
}
Event: 38.304 GC heap before
{Heap before GC invocations=48 (full 0):
 garbage-first heap   total 240640K, used 219250K [0x0000000080000000, 0x0000000100000000)
  region size 1024K, 68 young (69632K), 6 survivors (6144K)
 Metaspace       used 134367K, committed 136896K, reserved 1179648K
  class space    used 17573K, committed 18816K, reserved 1048576K
}
Event: 38.312 GC heap after
{Heap after GC invocations=49 (full 0):
 garbage-first heap   total 240640K, used 155622K [0x0000000080000000, 0x0000000100000000)
  region size 1024K, 6 young (6144K), 6 survivors (6144K)
 Metaspace       used 134367K, committed 136896K, reserved 1179648K
  class space    used 17573K, committed 18816K, reserved 1048576K
}
Event: 39.878 GC heap before
{Heap before GC invocations=49 (full 0):
 garbage-first heap   total 240640K, used 217062K [0x0000000080000000, 0x0000000100000000)
  region size 1024K, 66 young (67584K), 6 survivors (6144K)
 Metaspace       used 139733K, committed 142272K, reserved 1179648K
  class space    used 18256K, committed 19520K, reserved 1048576K
}
Event: 39.885 GC heap after
{Heap after GC invocations=50 (full 0):
 garbage-first heap   total 240640K, used 159031K [0x0000000080000000, 0x0000000100000000)
  region size 1024K, 4 young (4096K), 4 survivors (4096K)
 Metaspace       used 139733K, committed 142272K, reserved 1179648K
  class space    used 18256K, committed 19520K, reserved 1048576K
}
Event: 41.174 GC heap before
{Heap before GC invocations=51 (full 0):
 garbage-first heap   total 270336K, used 222519K [0x0000000080000000, 0x0000000100000000)
  region size 1024K, 64 young (65536K), 4 survivors (4096K)
 Metaspace       used 143988K, committed 146560K, reserved 1179648K
  class space    used 18907K, committed 20224K, reserved 1048576K
}
Event: 41.181 GC heap after
{Heap after GC invocations=52 (full 0):
 garbage-first heap   total 270336K, used 163747K [0x0000000080000000, 0x0000000100000000)
  region size 1024K, 6 young (6144K), 6 survivors (6144K)
 Metaspace       used 143988K, committed 146560K, reserved 1179648K
  class space    used 18907K, committed 20224K, reserved 1048576K
}
Event: 42.292 GC heap before
{Heap before GC invocations=52 (full 0):
 garbage-first heap   total 270336K, used 248739K [0x0000000080000000, 0x0000000100000000)
  region size 1024K, 88 young (90112K), 6 survivors (6144K)
 Metaspace       used 144505K, committed 147072K, reserved 1179648K
  class space    used 18941K, committed 20224K, reserved 1048576K
}
Event: 42.306 GC heap after
{Heap after GC invocations=53 (full 0):
 garbage-first heap   total 270336K, used 166488K [0x0000000080000000, 0x0000000100000000)
  region size 1024K, 11 young (11264K), 11 survivors (11264K)
 Metaspace       used 144505K, committed 147072K, reserved 1179648K
  class space    used 18941K, committed 20224K, reserved 1048576K
}
Event: 43.908 GC heap before
{Heap before GC invocations=53 (full 0):
 garbage-first heap   total 270336K, used 246360K [0x0000000080000000, 0x0000000100000000)
  region size 1024K, 89 young (91136K), 11 survivors (11264K)
 Metaspace       used 145988K, committed 148608K, reserved 1179648K
  class space    used 18978K, committed 20288K, reserved 1048576K
}
Event: 43.921 GC heap after
{Heap after GC invocations=54 (full 0):
 garbage-first heap   total 270336K, used 177622K [0x0000000080000000, 0x0000000100000000)
  region size 1024K, 11 young (11264K), 11 survivors (11264K)
 Metaspace       used 145988K, committed 148608K, reserved 1179648K
  class space    used 18978K, committed 20288K, reserved 1048576K
}
Event: 45.850 GC heap before
{Heap before GC invocations=55 (full 0):
 garbage-first heap   total 296960K, used 248278K [0x0000000080000000, 0x0000000100000000)
  region size 1024K, 79 young (80896K), 11 survivors (11264K)
 Metaspace       used 151388K, committed 154048K, reserved 1245184K
  class space    used 19684K, committed 20992K, reserved 1048576K
}
Event: 45.860 GC heap after
{Heap after GC invocations=56 (full 0):
 garbage-first heap   total 296960K, used 179653K [0x0000000080000000, 0x0000000100000000)
  region size 1024K, 3 young (3072K), 3 survivors (3072K)
 Metaspace       used 151388K, committed 154048K, reserved 1245184K
  class space    used 19684K, committed 20992K, reserved 1048576K
}
Event: 48.010 GC heap before
{Heap before GC invocations=56 (full 0):
 garbage-first heap   total 296960K, used 273861K [0x0000000080000000, 0x0000000100000000)
  region size 1024K, 95 young (97280K), 3 survivors (3072K)
 Metaspace       used 158625K, committed 161344K, reserved 1245184K
  class space    used 20866K, committed 22208K, reserved 1048576K
}
Event: 48.020 GC heap after
{Heap after GC invocations=57 (full 0):
 garbage-first heap   total 296960K, used 173928K [0x0000000080000000, 0x0000000100000000)
  region size 1024K, 7 young (7168K), 7 survivors (7168K)
 Metaspace       used 158625K, committed 161344K, reserved 1245184K
  class space    used 20866K, committed 22208K, reserved 1048576K
}

Dll operation events (14 events):
Event: 0.028 Loaded shared library C:\Users\ASUS I5\.vscode\extensions\redhat.java-1.54.0-win32-x64\jre\21.0.10-win32-x86_64\bin\java.dll
Event: 0.142 Loaded shared library C:\Users\ASUS I5\.vscode\extensions\redhat.java-1.54.0-win32-x64\jre\21.0.10-win32-x86_64\bin\zip.dll
Event: 0.182 Loaded shared library C:\Users\ASUS I5\.vscode\extensions\redhat.java-1.54.0-win32-x64\jre\21.0.10-win32-x86_64\bin\instrument.dll
Event: 0.194 Loaded shared library C:\Users\ASUS I5\.vscode\extensions\redhat.java-1.54.0-win32-x64\jre\21.0.10-win32-x86_64\bin\net.dll
Event: 0.201 Loaded shared library C:\Users\ASUS I5\.vscode\extensions\redhat.java-1.54.0-win32-x64\jre\21.0.10-win32-x86_64\bin\nio.dll
Event: 0.208 Loaded shared library C:\Users\ASUS I5\.vscode\extensions\redhat.java-1.54.0-win32-x64\jre\21.0.10-win32-x86_64\bin\zip.dll
Event: 0.868 Loaded shared library C:\Users\ASUS I5\.vscode\extensions\redhat.java-1.54.0-win32-x64\jre\21.0.10-win32-x86_64\bin\jimage.dll
Event: 1.285 Loaded shared library C:\Users\ASUS I5\.vscode\extensions\redhat.java-1.54.0-win32-x64\jre\21.0.10-win32-x86_64\bin\verify.dll
Event: 1.499 Loaded shared library C:\Users\ASUS I5\.gradle\native\1def1411415f61bf3af743bc5b6707747c0891f09f0c88961ee8f79bc544acac\windows-amd64\native-platform.dll
Event: 1.530 Loaded shared library C:\Users\ASUS I5\.gradle\native\0.2.7\x86_64-windows-gnu\gradle-fileevents.dll
Event: 3.419 Loaded shared library C:\Users\ASUS I5\.vscode\extensions\redhat.java-1.54.0-win32-x64\jre\21.0.10-win32-x86_64\bin\management.dll
Event: 3.427 Loaded shared library C:\Users\ASUS I5\.vscode\extensions\redhat.java-1.54.0-win32-x64\jre\21.0.10-win32-x86_64\bin\management_ext.dll
Event: 3.624 Loaded shared library C:\Users\ASUS I5\.vscode\extensions\redhat.java-1.54.0-win32-x64\jre\21.0.10-win32-x86_64\bin\extnet.dll
Event: 3.923 Loaded shared library C:\Users\ASUS I5\.vscode\extensions\redhat.java-1.54.0-win32-x64\jre\21.0.10-win32-x86_64\bin\sunmscapi.dll

Deoptimization events (20 events):
Event: 48.782 Thread 0x00000189c51404f0 Uncommon trap: trap_request=0xffffffde fr.pc=0x00000189f150e778 relative=0x0000000000000498
Event: 48.782 Thread 0x00000189c51404f0 Uncommon trap: reason=class_check action=maybe_recompile pc=0x00000189f150e778 method=java.lang.AbstractStringBuilder.append(Ljava/lang/CharSequence;)Ljava/lang/AbstractStringBuilder; @ 10 c2
Event: 48.782 Thread 0x00000189c51404f0 DEOPT PACKING pc=0x00000189f150e778 sp=0x000000441abfe710
Event: 48.782 Thread 0x00000189c51404f0 DEOPT UNPACKING pc=0x00000189f0d17ba2 sp=0x000000441abfe620 mode 2
Event: 48.782 Thread 0x00000189c51404f0 Uncommon trap: trap_request=0xffffffc6 fr.pc=0x00000189f149b93c relative=0x00000000000000fc
Event: 48.782 Thread 0x00000189c51404f0 Uncommon trap: reason=bimorphic_or_optimized_type_check action=maybe_recompile pc=0x00000189f149b93c method=java.util.Collections$UnmodifiableList.get(I)Ljava/lang/Object; @ 5 c2
Event: 48.782 Thread 0x00000189c51404f0 DEOPT PACKING pc=0x00000189f149b93c sp=0x000000441abfea60
Event: 48.782 Thread 0x00000189c51404f0 DEOPT UNPACKING pc=0x00000189f0d17ba2 sp=0x000000441abfe9f8 mode 2
Event: 48.799 Thread 0x00000189c51404f0 Uncommon trap: trap_request=0xffffff45 fr.pc=0x00000189f1cdc8a0 relative=0x0000000000000960
Event: 48.799 Thread 0x00000189c51404f0 Uncommon trap: reason=unstable_if action=reinterpret pc=0x00000189f1cdc8a0 method=org.gradle.cache.internal.DefaultCrossBuildInMemoryCacheFactory$AbstractCrossBuildInMemoryCache.getIfPresentWithoutLock(Ljava/lang/Object;)Ljava/lang/Object; @ 24 c2
Event: 48.799 Thread 0x00000189c51404f0 DEOPT PACKING pc=0x00000189f1cdc8a0 sp=0x000000441abfbd20
Event: 48.799 Thread 0x00000189c51404f0 DEOPT UNPACKING pc=0x00000189f0d17ba2 sp=0x000000441abfbc70 mode 2
Event: 48.800 Thread 0x00000189c51404f0 Uncommon trap: trap_request=0xffffff45 fr.pc=0x00000189f1cdb60c relative=0x00000000000003ac
Event: 48.800 Thread 0x00000189c51404f0 Uncommon trap: reason=unstable_if action=reinterpret pc=0x00000189f1cdb60c method=org.gradle.cache.internal.DefaultCrossBuildInMemoryCacheFactory$AbstractCrossBuildInMemoryCache.getIfPresentWithoutLock(Ljava/lang/Object;)Ljava/lang/Object; @ 24 c2
Event: 48.800 Thread 0x00000189c51404f0 DEOPT PACKING pc=0x00000189f1cdb60c sp=0x000000441abfa9d0
Event: 48.800 Thread 0x00000189c51404f0 DEOPT UNPACKING pc=0x00000189f0d17ba2 sp=0x000000441abfa988 mode 2
Event: 49.009 Thread 0x00000189c51404f0 Uncommon trap: trap_request=0xffffffc6 fr.pc=0x00000189f15b7ba0 relative=0x0000000000000900
Event: 49.009 Thread 0x00000189c51404f0 Uncommon trap: reason=bimorphic_or_optimized_type_check action=maybe_recompile pc=0x00000189f15b7ba0 method=java.util.Spliterators$IteratorSpliterator.tryAdvance(Ljava/util/function/Consumer;)Z @ 50 c2
Event: 49.010 Thread 0x00000189c51404f0 DEOPT PACKING pc=0x00000189f15b7ba0 sp=0x000000441abfaea0
Event: 49.010 Thread 0x00000189c51404f0 DEOPT UNPACKING pc=0x00000189f0d17ba2 sp=0x000000441abfac88 mode 2

Classes loaded (20 events):
Event: 48.274 Loading class java/util/LinkedHashSetCustomizer
Event: 48.274 Loading class java/util/LinkedHashSetCustomizer done
Event: 48.358 Loading class java/util/concurrent/ConcurrentLinkedQueue$Itr
Event: 48.358 Loading class java/util/concurrent/ConcurrentLinkedQueue$Itr done
Event: 48.395 Loading class java/io/SerialCallbackContext
Event: 48.396 Loading class java/io/SerialCallbackContext done
Event: 48.409 Loading class java/util/HashMap$UnsafeHolder
Event: 48.409 Loading class java/util/HashMap$UnsafeHolder done
Event: 48.453 Loading class sun/reflect/misc/MethodUtil
Event: 48.454 Loading class sun/reflect/misc/MethodUtil done
Event: 48.454 Loading class sun/reflect/misc/MethodUtil$1
Event: 48.454 Loading class sun/reflect/misc/MethodUtil$1 done
Event: 48.604 Loading class java/time/Instant$1
Event: 48.604 Loading class java/time/Instant$1 done
Event: 48.652 Loading class java/util/concurrent/CompletableFuture$AsyncRun
Event: 48.653 Loading class java/util/concurrent/CompletableFuture$AsyncRun done
Event: 48.743 Loading class java/util/concurrent/CompletableFuture$Signaller
Event: 48.743 Loading class java/util/concurrent/CompletableFuture$Signaller done
Event: 48.780 Loading class jdk/internal/math/FormattedFPDecimal
Event: 48.781 Loading class jdk/internal/math/FormattedFPDecimal done

Classes unloaded (15 events):
Event: 16.214 Thread 0x00000189fdd1c400 Unloading class 0x00000189815773b0 '_BuildScript_$_run_closure1$_closure2$_closure3$_closure4$_closure10$_closure14'
Event: 16.214 Thread 0x00000189fdd1c400 Unloading class 0x0000018981576fc0 '_BuildScript_$_run_closure1$_closure2$_closure3$_closure4$_closure10$_closure13'
Event: 16.214 Thread 0x00000189fdd1c400 Unloading class 0x0000018981576bd0 '_BuildScript_$_run_closure1$_closure2$_closure3$_closure4$_closure10'
Event: 16.214 Thread 0x00000189fdd1c400 Unloading class 0x00000189815767e0 '_BuildScript_$_run_closure1$_closure2$_closure3$_closure4$_closure9$_closure12'
Event: 16.214 Thread 0x00000189fdd1c400 Unloading class 0x00000189815763f0 '_BuildScript_$_run_closure1$_closure2$_closure3$_closure4$_closure9'
Event: 16.214 Thread 0x00000189fdd1c400 Unloading class 0x0000018981576000 '_BuildScript_$_run_closure1$_closure2$_closure3$_closure4$_closure8'
Event: 16.214 Thread 0x00000189fdd1c400 Unloading class 0x0000018981575b90 '_BuildScript_$_run_closure1$_closure2$_closure3$_closure4$_closure7'
Event: 16.214 Thread 0x00000189fdd1c400 Unloading class 0x00000189815757a0 '_BuildScript_$_run_closure1$_closure2$_closure3$_closure4$_closure6$_closure11'
Event: 16.214 Thread 0x00000189fdd1c400 Unloading class 0x00000189815753b0 '_BuildScript_$_run_closure1$_closure2$_closure3$_closure4$_closure6'
Event: 16.214 Thread 0x00000189fdd1c400 Unloading class 0x0000018981574fc0 '_BuildScript_$_run_closure1$_closure2$_closure3$_closure4$_closure5'
Event: 16.214 Thread 0x00000189fdd1c400 Unloading class 0x0000018981574bd0 '_BuildScript_$_run_closure1$_closure2$_closure3$_closure4'
Event: 16.214 Thread 0x00000189fdd1c400 Unloading class 0x00000189815747e0 '_BuildScript_$_run_closure1$_closure2$_closure3'
Event: 16.214 Thread 0x00000189fdd1c400 Unloading class 0x00000189815743f0 '_BuildScript_$_run_closure1$_closure2'
Event: 16.214 Thread 0x00000189fdd1c400 Unloading class 0x0000018981574000 '_BuildScript_$_run_closure1'
Event: 16.214 Thread 0x00000189fdd1c400 Unloading class 0x000001898156c000 '_BuildScript_'

Classes redefined (0 events):
No events

Internal exceptions (20 events):
Event: 48.332 Thread 0x00000189d49f2c70 Exception <a 'java/lang/ClassNotFoundException'{0x000000008fe44ba0}: org/gradle/api/internal/tasks/DefaultSourceSetContainer_DecoratedCustomizer> (0x000000008fe44ba0) 
thrown [s\src\hotspot\share\classfile\systemDictionary.cpp, line 312]
Event: 48.394 Thread 0x00000189d5142580 Exception <a 'java/lang/NoSuchMethodError'{0x000000008fdc03e0}: static Ljava/lang/Object;.<clinit>()V> (0x000000008fdc03e0) 
thrown [s\src\hotspot\share\prims\jni.cpp, line 1111]
Event: 48.399 Thread 0x00000189d5142580 Exception <a 'java/lang/NoSuchMethodError'{0x000000008fdd4b10}: static Lorg/jetbrains/kotlin/gradle/plugin/statistics/MetricContainer;.<clinit>()V> (0x000000008fdd4b10) 
thrown [s\src\hotspot\share\prims\jni.cpp, line 1111]
Event: 48.458 Thread 0x00000189c51404f0 Implicit null exception at 0x00000189f15b4f06 to 0x00000189f15b4f90
Event: 48.458 Thread 0x00000189c51404f0 Implicit null exception at 0x00000189f143fdcd to 0x00000189f1440260
Event: 48.460 Thread 0x00000189c51404f0 Exception <a 'java/lang/NoSuchMethodError'{0x000000008fccf6a8}: 'long java.lang.invoke.DelegatingMethodHandle$Holder.reinvoke_L(java.lang.Object, java.lang.Object)'> (0x000000008fccf6a8) 
thrown [s\src\hotspot\share\interpreter\linkResolver.cpp, line 773]
Event: 48.506 Thread 0x00000189c51404f0 Exception <a 'java/lang/NoSuchMethodError'{0x000000008fa17868}: 'void java.lang.invoke.DirectMethodHandle$Holder.invokeInterface(java.lang.Object, java.lang.Object, java.lang.Object, int)'> (0x000000008fa17868) 
thrown [s\src\hotspot\share\interpreter\linkResolver.cpp, line 773]
Event: 48.506 Thread 0x00000189c51404f0 Exception <a 'java/lang/IncompatibleClassChangeError'{0x000000008fa1b3a8}: Found class java.lang.Object, but interface was expected> (0x000000008fa1b3a8) 
thrown [s\src\hotspot\share\interpreter\linkResolver.cpp, line 840]
Event: 48.506 Thread 0x00000189c51404f0 Exception <a 'java/lang/NoSuchMethodError'{0x000000008fa1f7b0}: 'void java.lang.invoke.DelegatingMethodHandle$Holder.reinvoke_L(java.lang.Object, java.lang.Object, java.lang.Object, int)'> (0x000000008fa1f7b0) 
thrown [s\src\hotspot\share\interpreter\linkResolver.cpp, line 773]
Event: 48.511 Thread 0x00000189c51404f0 Exception <a 'sun/nio/fs/WindowsException'{0x000000008fa38e08}> (0x000000008fa38e08) 
thrown [s\src\hotspot\share\prims\jni.cpp, line 520]
Event: 48.562 Thread 0x00000189c51404f0 Exception <a 'java/lang/IncompatibleClassChangeError'{0x000000008f9cfdc0}: Found class java.lang.Object, but interface was expected> (0x000000008f9cfdc0) 
thrown [s\src\hotspot\share\interpreter\linkResolver.cpp, line 840]
Event: 48.591 Thread 0x00000189c51404f0 Implicit null exception at 0x00000189f1b96dbd to 0x00000189f1b96e1c
Event: 48.592 Thread 0x00000189c51404f0 Exception <a 'java/lang/IncompatibleClassChangeError'{0x000000008f9f9a48}: Found class java.lang.Object, but interface was expected> (0x000000008f9f9a48) 
thrown [s\src\hotspot\share\interpreter\linkResolver.cpp, line 840]
Event: 48.869 Thread 0x00000189c51404f0 Exception <a 'sun/nio/fs/WindowsException'{0x000000008ed08720}> (0x000000008ed08720) 
thrown [s\src\hotspot\share\prims\jni.cpp, line 520]
Event: 48.870 Thread 0x00000189c51404f0 Exception <a 'sun/nio/fs/WindowsException'{0x000000008ed09c00}> (0x000000008ed09c00) 
thrown [s\src\hotspot\share\prims\jni.cpp, line 520]
Event: 48.871 Thread 0x00000189c51404f0 Exception <a 'sun/nio/fs/WindowsException'{0x000000008ed0b0d0}> (0x000000008ed0b0d0) 
thrown [s\src\hotspot\share\prims\jni.cpp, line 520]
Event: 48.872 Thread 0x00000189c51404f0 Exception <a 'sun/nio/fs/WindowsException'{0x000000008ed0c5a0}> (0x000000008ed0c5a0) 
thrown [s\src\hotspot\share\prims\jni.cpp, line 520]
Event: 49.003 Thread 0x00000189c51404f0 Exception <a 'sun/nio/fs/WindowsException'{0x000000008d847298}> (0x000000008d847298) 
thrown [s\src\hotspot\share\prims\jni.cpp, line 520]
Event: 49.003 Thread 0x00000189c51404f0 Exception <a 'sun/nio/fs/WindowsException'{0x000000008d848a10}> (0x000000008d848a10) 
thrown [s\src\hotspot\share\prims\jni.cpp, line 520]
Event: 49.005 Thread 0x00000189c51404f0 Exception <a 'sun/nio/fs/WindowsException'{0x000000008d84ae48}> (0x000000008d84ae48) 
thrown [s\src\hotspot\share\prims\jni.cpp, line 520]

ZGC Phase Switch (0 events):
No events

VM Operations (20 events):
Event: 47.858 Executing non-safepoint VM operation: HandshakeAllThreads (Deoptimize)
Event: 47.858 Executing non-safepoint VM operation: HandshakeAllThreads (Deoptimize) done
Event: 47.960 Executing safepoint VM operation: ICBufferFull
Event: 47.960 Executing safepoint VM operation: ICBufferFull done
Event: 48.010 Executing safepoint VM operation: G1CollectForAllocation (G1 Evacuation Pause)
Event: 48.020 Executing safepoint VM operation: G1CollectForAllocation (G1 Evacuation Pause) done
Event: 48.127 Executing non-safepoint VM operation: HandshakeAllThreads (Deoptimize)
Event: 48.127 Executing non-safepoint VM operation: HandshakeAllThreads (Deoptimize) done
Event: 48.142 Executing non-safepoint VM operation: HandshakeAllThreads (Deoptimize)
Event: 48.142 Executing non-safepoint VM operation: HandshakeAllThreads (Deoptimize) done
Event: 48.145 Executing non-safepoint VM operation: HandshakeAllThreads (Deoptimize)
Event: 48.146 Executing non-safepoint VM operation: HandshakeAllThreads (Deoptimize) done
Event: 48.152 Executing non-safepoint VM operation: HandshakeAllThreads (Deoptimize)
Event: 48.153 Executing non-safepoint VM operation: HandshakeAllThreads (Deoptimize) done
Event: 48.175 Executing non-safepoint VM operation: HandshakeAllThreads (Deoptimize)
Event: 48.175 Executing non-safepoint VM operation: HandshakeAllThreads (Deoptimize) done
Event: 48.179 Executing non-safepoint VM operation: HandshakeAllThreads (Deoptimize)
Event: 48.180 Executing non-safepoint VM operation: HandshakeAllThreads (Deoptimize) done
Event: 48.793 Executing safepoint VM operation: ICBufferFull
Event: 48.793 Executing safepoint VM operation: ICBufferFull done

Memory protections (0 events):
No events

Nmethod flushes (20 events):
Event: 44.110 Thread 0x00000189fdd1c400 flushing  nmethod 0x00000189e9b5f610
Event: 44.110 Thread 0x00000189fdd1c400 flushing  nmethod 0x00000189e9be7490
Event: 44.110 Thread 0x00000189fdd1c400 flushing  nmethod 0x00000189e9e20090
Event: 44.110 Thread 0x00000189fdd1c400 flushing  nmethod 0x00000189e9e4a710
Event: 44.110 Thread 0x00000189fdd1c400 flushing  nmethod 0x00000189e9e4ad90
Event: 44.110 Thread 0x00000189fdd1c400 flushing  nmethod 0x00000189e9e4b190
Event: 44.110 Thread 0x00000189fdd1c400 flushing  nmethod 0x00000189e9e4b790
Event: 44.110 Thread 0x00000189fdd1c400 flushing  nmethod 0x00000189e9ee5390
Event: 44.110 Thread 0x00000189fdd1c400 flushing  nmethod 0x00000189e9f0b110
Event: 44.110 Thread 0x00000189fdd1c400 flushing  nmethod 0x00000189e9f0bb10
Event: 44.110 Thread 0x00000189fdd1c400 flushing  nmethod 0x00000189e9f22310
Event: 44.110 Thread 0x00000189fdd1c400 flushing  nmethod 0x00000189e9f24690
Event: 44.110 Thread 0x00000189fdd1c400 flushing  nmethod 0x00000189ea255390
Event: 44.110 Thread 0x00000189fdd1c400 flushing  nmethod 0x00000189ea28c710
Event: 44.110 Thread 0x00000189fdd1c400 flushing  nmethod 0x00000189ea28cc10
Event: 44.110 Thread 0x00000189fdd1c400 flushing  nmethod 0x00000189ea2b1a90
Event: 44.110 Thread 0x00000189fdd1c400 flushing  nmethod 0x00000189ea2b2d90
Event: 44.110 Thread 0x00000189fdd1c400 flushing  nmethod 0x00000189ea416f90
Event: 44.110 Thread 0x00000189fdd1c400 flushing  nmethod 0x00000189ea763110
Event: 44.110 Thread 0x00000189fdd1c400 flushing  nmethod 0x00000189eb1e7c10

Events (20 events):
Event: 48.611 Thread 0x00000189c8bfebe0 Thread exited: 0x00000189c8bfebe0
Event: 48.611 Thread 0x00000189d20809e0 Thread exited: 0x00000189d20809e0
Event: 48.611 Thread 0x00000189d2083140 Thread exited: 0x00000189d2083140
Event: 48.612 Thread 0x00000189d2080350 Thread exited: 0x00000189d2080350
Event: 48.617 Thread 0x00000189c513e420 Thread exited: 0x00000189c513e420
Event: 48.621 Thread 0x00000189c513fe60 Thread exited: 0x00000189c513fe60
Event: 48.633 Thread 0x00000189c513d070 Thread exited: 0x00000189c513d070
Event: 48.654 Thread 0x00000189ff7d6890 Thread added: 0x00000189d2080350
Event: 48.654 Thread 0x00000189ff6952e0 Thread exited: 0x00000189ff6952e0
Event: 48.659 Thread 0x00000189ff7d6f00 Thread exited: 0x00000189ff7d6f00
Event: 48.727 Thread 0x00000189ff7d6890 Thread added: 0x00000189d2082420
Event: 48.742 Thread 0x00000189ff7d6890 Thread added: 0x00000189d2081d90
Event: 48.780 Thread 0x00000189c51404f0 Thread added: 0x00000189d2082ab0
Event: 48.783 Thread 0x00000189c51404f0 Thread added: 0x00000189d2083140
Event: 48.785 Thread 0x00000189c51404f0 Thread added: 0x00000189d20809e0
Event: 48.804 Thread 0x00000189c51404f0 Thread added: 0x00000189d207fcc0
Event: 48.812 Thread 0x00000189c51404f0 Thread added: 0x00000189d20872e0
Event: 48.882 Thread 0x00000189c51404f0 Thread added: 0x00000189d2083e60
Event: 48.895 Thread 0x00000189c51404f0 Thread added: 0x00000189d20844f0
Event: 48.905 Thread 0x00000189c51404f0 Thread added: 0x00000189d2084b80


Dynamic libraries:
0x00007ff6f5c80000 - 0x00007ff6f5c8e000 	C:\Users\ASUS I5\.vscode\extensions\redhat.java-1.54.0-win32-x64\jre\21.0.10-win32-x86_64\bin\java.exe
0x00007ffbb82e0000 - 0x00007ffbb8547000 	C:\WINDOWS\SYSTEM32\ntdll.dll
0x00007ffbb7790000 - 0x00007ffbb7859000 	C:\WINDOWS\System32\KERNEL32.DLL
0x00007ffbb5b00000 - 0x00007ffbb5ef7000 	C:\WINDOWS\System32\KERNELBASE.dll
0x00007ffbb2180000 - 0x00007ffbb2220000 	C:\WINDOWS\SYSTEM32\apphelp.dll
0x00007ffbb5920000 - 0x00007ffbb5a6b000 	C:\WINDOWS\System32\ucrtbase.dll
0x00007ffb80150000 - 0x00007ffb8016e000 	C:\Users\ASUS I5\.vscode\extensions\redhat.java-1.54.0-win32-x64\jre\21.0.10-win32-x86_64\bin\VCRUNTIME140.dll
0x00007ffb7e040000 - 0x00007ffb7e058000 	C:\Users\ASUS I5\.vscode\extensions\redhat.java-1.54.0-win32-x64\jre\21.0.10-win32-x86_64\bin\jli.dll
0x00007ffbb6830000 - 0x00007ffbb69f6000 	C:\WINDOWS\System32\USER32.dll
0x00007ffbb5f00000 - 0x00007ffbb5f27000 	C:\WINDOWS\System32\win32u.dll
0x00007ffbb6630000 - 0x00007ffbb665b000 	C:\WINDOWS\System32\GDI32.dll
0x00007ffbb5f30000 - 0x00007ffbb605c000 	C:\WINDOWS\System32\gdi32full.dll
0x00007ffb9cf40000 - 0x00007ffb9d1d2000 	C:\WINDOWS\WinSxS\amd64_microsoft.windows.common-controls_6595b64144ccf1df_6.0.26100.8457_none_3e0b2faee331e92d\COMCTL32.dll
0x00007ffbb4d10000 - 0x00007ffbb4db3000 	C:\WINDOWS\System32\msvcp_win.dll
0x00007ffbb78f0000 - 0x00007ffbb7999000 	C:\WINDOWS\System32\msvcrt.dll
0x00007ffbb7e30000 - 0x00007ffbb7e62000 	C:\WINDOWS\System32\IMM32.DLL
0x00007ffba7f90000 - 0x00007ffba7f9c000 	C:\Users\ASUS I5\.vscode\extensions\redhat.java-1.54.0-win32-x64\jre\21.0.10-win32-x86_64\bin\vcruntime140_1.dll
0x00007ffb51dd0000 - 0x00007ffb51e5d000 	C:\Users\ASUS I5\.vscode\extensions\redhat.java-1.54.0-win32-x64\jre\21.0.10-win32-x86_64\bin\msvcp140.dll
0x00007ffae0200000 - 0x00007ffae0fa1000 	C:\Users\ASUS I5\.vscode\extensions\redhat.java-1.54.0-win32-x64\jre\21.0.10-win32-x86_64\bin\server\jvm.dll
0x00007ffbb81e0000 - 0x00007ffbb8296000 	C:\WINDOWS\System32\ADVAPI32.dll
0x00007ffbb73f0000 - 0x00007ffbb7497000 	C:\WINDOWS\System32\sechost.dll
0x00007ffbb7f00000 - 0x00007ffbb8018000 	C:\WINDOWS\System32\RPCRT4.dll
0x00007ffbb7860000 - 0x00007ffbb78e0000 	C:\WINDOWS\System32\WS2_32.dll
0x00007ffbb4b90000 - 0x00007ffbb4bee000 	C:\WINDOWS\SYSTEM32\POWRPROF.dll
0x00007ffb9baa0000 - 0x00007ffb9bad6000 	C:\WINDOWS\SYSTEM32\WINMM.dll
0x00007ffbacb40000 - 0x00007ffbacb4b000 	C:\WINDOWS\SYSTEM32\VERSION.dll
0x00007ffbb4b70000 - 0x00007ffbb4b84000 	C:\WINDOWS\SYSTEM32\UMPDC.dll
0x00007ffbb3a70000 - 0x00007ffbb3a8b000 	C:\WINDOWS\SYSTEM32\kernel.appcore.dll
0x00007ffb9b610000 - 0x00007ffb9b61a000 	C:\Users\ASUS I5\.vscode\extensions\redhat.java-1.54.0-win32-x64\jre\21.0.10-win32-x86_64\bin\jimage.dll
0x00007ffbb2cc0000 - 0x00007ffbb2f02000 	C:\WINDOWS\SYSTEM32\DBGHELP.DLL
0x00007ffbb6280000 - 0x00007ffbb6603000 	C:\WINDOWS\System32\combase.dll
0x00007ffbb61a0000 - 0x00007ffbb6279000 	C:\WINDOWS\System32\OLEAUT32.dll
0x00007ffb99db0000 - 0x00007ffb99deb000 	C:\WINDOWS\SYSTEM32\dbgcore.DLL
0x00007ffbb4dc0000 - 0x00007ffbb4e68000 	C:\WINDOWS\System32\bcryptPrimitives.dll
0x00007ffb95bb0000 - 0x00007ffb95bbf000 	C:\Users\ASUS I5\.vscode\extensions\redhat.java-1.54.0-win32-x64\jre\21.0.10-win32-x86_64\bin\instrument.dll
0x00007ffb7c840000 - 0x00007ffb7c860000 	C:\Users\ASUS I5\.vscode\extensions\redhat.java-1.54.0-win32-x64\jre\21.0.10-win32-x86_64\bin\java.dll
0x00007ffbb6c70000 - 0x00007ffbb73de000 	C:\WINDOWS\System32\SHELL32.dll
0x00007ffbb4f30000 - 0x00007ffbb579c000 	C:\WINDOWS\System32\windows.storage.dll
0x00007ffbb6a00000 - 0x00007ffbb6af6000 	C:\WINDOWS\System32\SHCORE.dll
0x00007ffbb7e70000 - 0x00007ffbb7ed6000 	C:\WINDOWS\System32\shlwapi.dll
0x00007ffbb4c30000 - 0x00007ffbb4c59000 	C:\WINDOWS\SYSTEM32\profapi.dll
0x00007ffb81810000 - 0x00007ffb81828000 	C:\Users\ASUS I5\.vscode\extensions\redhat.java-1.54.0-win32-x64\jre\21.0.10-win32-x86_64\bin\zip.dll
0x00007ffb96570000 - 0x00007ffb96580000 	C:\Users\ASUS I5\.vscode\extensions\redhat.java-1.54.0-win32-x64\jre\21.0.10-win32-x86_64\bin\net.dll
0x00007ffba8740000 - 0x00007ffba8869000 	C:\WINDOWS\SYSTEM32\WINHTTP.dll
0x00007ffbb4010000 - 0x00007ffbb407c000 	C:\WINDOWS\system32\mswsock.dll
0x00007ffb7c560000 - 0x00007ffb7c576000 	C:\Users\ASUS I5\.vscode\extensions\redhat.java-1.54.0-win32-x64\jre\21.0.10-win32-x86_64\bin\nio.dll
0x00007ffb95af0000 - 0x00007ffb95b00000 	C:\Users\ASUS I5\.vscode\extensions\redhat.java-1.54.0-win32-x64\jre\21.0.10-win32-x86_64\bin\verify.dll
0x00007ffb85b50000 - 0x00007ffb85b77000 	C:\Users\ASUS I5\.gradle\native\1def1411415f61bf3af743bc5b6707747c0891f09f0c88961ee8f79bc544acac\windows-amd64\native-platform.dll
0x00007ffb43200000 - 0x00007ffb43278000 	C:\Users\ASUS I5\.gradle\native\0.2.7\x86_64-windows-gnu\gradle-fileevents.dll
0x00007ffbafdb0000 - 0x00007ffbafdba000 	C:\Users\ASUS I5\.vscode\extensions\redhat.java-1.54.0-win32-x64\jre\21.0.10-win32-x86_64\bin\management.dll
0x00007ffb9b6a0000 - 0x00007ffb9b6ac000 	C:\Users\ASUS I5\.vscode\extensions\redhat.java-1.54.0-win32-x64\jre\21.0.10-win32-x86_64\bin\management_ext.dll
0x00007ffbb7780000 - 0x00007ffbb7788000 	C:\WINDOWS\System32\PSAPI.DLL
0x00007ffbb3450000 - 0x00007ffbb3482000 	C:\WINDOWS\SYSTEM32\IPHLPAPI.DLL
0x00007ffbb6b00000 - 0x00007ffbb6b0a000 	C:\WINDOWS\System32\NSI.dll
0x00007ffb95cc0000 - 0x00007ffb95cc9000 	C:\Users\ASUS I5\.vscode\extensions\redhat.java-1.54.0-win32-x64\jre\21.0.10-win32-x86_64\bin\extnet.dll
0x00007ffbb42f0000 - 0x00007ffbb430b000 	C:\WINDOWS\SYSTEM32\CRYPTSP.dll
0x00007ffbb39d0000 - 0x00007ffbb3a09000 	C:\WINDOWS\system32\rsaenh.dll
0x00007ffbb40c0000 - 0x00007ffbb40f3000 	C:\WINDOWS\SYSTEM32\USERENV.dll
0x00007ffbb4c00000 - 0x00007ffbb4c2a000 	C:\WINDOWS\SYSTEM32\bcrypt.dll
0x00007ffbb4310000 - 0x00007ffbb431c000 	C:\WINDOWS\SYSTEM32\CRYPTBASE.dll
0x00007ffba8a30000 - 0x00007ffba8a3e000 	C:\Users\ASUS I5\.vscode\extensions\redhat.java-1.54.0-win32-x64\jre\21.0.10-win32-x86_64\bin\sunmscapi.dll
0x00007ffbb57a0000 - 0x00007ffbb5918000 	C:\WINDOWS\System32\CRYPT32.dll
0x00007ffbb4510000 - 0x00007ffbb4540000 	C:\WINDOWS\SYSTEM32\ncrypt.dll
0x00007ffbb44c0000 - 0x00007ffbb44ff000 	C:\WINDOWS\SYSTEM32\NTASN1.dll
0x00007ffb99d60000 - 0x00007ffb99d68000 	C:\WINDOWS\system32\wshunix.dll

JVMTI agents:
C:\Users\ASUS I5\.gradle\wrapper\dists\gradle-8.13-bin\5xuhj0ry160q40clulazy9h7d\gradle-8.13\lib\agents\gradle-instrumentation-agent-8.13.jar path:C:\Users\ASUS I5\.vscode\extensions\redhat.java-1.54.0-win32-x64\jre\21.0.10-win32-x86_64\bin\instrument.dll, loaded, initialized, instrumentlib options:none

dbghelp: loaded successfully - version: 4.0.5 - missing functions: none
symbol engine: initialized successfully - sym options: 0x614 - pdb path: .;C:\Users\ASUS I5\.vscode\extensions\redhat.java-1.54.0-win32-x64\jre\21.0.10-win32-x86_64\bin;C:\WINDOWS\SYSTEM32;C:\WINDOWS\WinSxS\amd64_microsoft.windows.common-controls_6595b64144ccf1df_6.0.26100.8457_none_3e0b2faee331e92d;C:\Users\ASUS I5\.vscode\extensions\redhat.java-1.54.0-win32-x64\jre\21.0.10-win32-x86_64\bin\server;C:\Users\ASUS I5\.gradle\native\1def1411415f61bf3af743bc5b6707747c0891f09f0c88961ee8f79bc544acac\windows-amd64;C:\Users\ASUS I5\.gradle\native\0.2.7\x86_64-windows-gnu

VM Arguments:
jvm_args: --add-opens=java.base/java.lang=ALL-UNNAMED --add-opens=java.base/java.lang.invoke=ALL-UNNAMED --add-opens=java.base/java.util=ALL-UNNAMED --add-opens=java.prefs/java.util.prefs=ALL-UNNAMED --add-exports=jdk.compiler/com.sun.tools.javac.api=ALL-UNNAMED --add-exports=jdk.compiler/com.sun.tools.javac.util=ALL-UNNAMED --add-opens=java.base/java.util=ALL-UNNAMED --add-opens=java.prefs/java.util.prefs=ALL-UNNAMED --add-opens=java.base/java.nio.charset=ALL-UNNAMED --add-opens=java.base/java.net=ALL-UNNAMED --add-opens=java.base/java.util.concurrent.atomic=ALL-UNNAMED --add-opens=java.xml/javax.xml.namespace=ALL-UNNAMED -Xmx2048m -Dfile.encoding=UTF-8 -Duser.country=ID -Duser.language=en -Duser.variant -javaagent:C:\Users\ASUS I5\.gradle\wrapper\dists\gradle-8.13-bin\5xuhj0ry160q40clulazy9h7d\gradle-8.13\lib\agents\gradle-instrumentation-agent-8.13.jar 
java_command: org.gradle.launcher.daemon.bootstrap.GradleDaemon 8.13
java_class_path (initial): C:\Users\ASUS I5\.gradle\wrapper\dists\gradle-8.13-bin\5xuhj0ry160q40clulazy9h7d\gradle-8.13\lib\gradle-daemon-main-8.13.jar
Launcher Type: SUN_STANDARD

[Global flags]
     intx CICompilerCount                          = 4                                         {product} {ergonomic}
     uint ConcGCThreads                            = 2                                         {product} {ergonomic}
     uint G1ConcRefinementThreads                  = 8                                         {product} {ergonomic}
   size_t G1HeapRegionSize                         = 1048576                                   {product} {ergonomic}
    uintx GCDrainStackTargetSize                   = 64                                        {product} {ergonomic}
   size_t InitialHeapSize                          = 331350016                                 {product} {ergonomic}
   size_t MarkStackSize                            = 4194304                                   {product} {ergonomic}
   size_t MaxHeapSize                              = 2147483648                                {product} {command line}
   size_t MaxNewSize                               = 1287651328                                {product} {ergonomic}
   size_t MinHeapDeltaBytes                        = 1048576                                   {product} {ergonomic}
   size_t MinHeapSize                              = 8388608                                   {product} {ergonomic}
    uintx NonNMethodCodeHeapSize                   = 5839372                                {pd product} {ergonomic}
    uintx NonProfiledCodeHeapSize                  = 122909434                              {pd product} {ergonomic}
    uintx ProfiledCodeHeapSize                     = 122909434                              {pd product} {ergonomic}
    uintx ReservedCodeCacheSize                    = 251658240                              {pd product} {ergonomic}
     bool SegmentedCodeCache                       = true                                      {product} {ergonomic}
   size_t SoftMaxHeapSize                          = 2147483648                             {manageable} {ergonomic}
     bool UseCompressedOops                        = true                           {product lp64_product} {ergonomic}
     bool UseG1GC                                  = true                                      {product} {ergonomic}
     bool UseLargePagesIndividualAllocation        = false                                  {pd product} {ergonomic}

Logging:
Log output configuration:
 #0: stdout all=warning uptime,level,tags foldmultilines=false
 #1: stderr all=off uptime,level,tags foldmultilines=false

Release file:
JAVA_VERSION="21.0.10" 
MODULES="java.base java.compiler java.datatransfer java.xml java.prefs java.desktop java.instrument java.logging java.management java.security.sasl java.naming java.rmi java.management.rmi java.net.http java.scripting java.security.jgss java.transaction.xa java.sql java.sql.rowset java.xml.crypto java.se java.smartcardio jdk.accessibility jdk.internal.jvmstat jdk.attach jdk.charsets jdk.internal.opt jdk.zipfs jdk.compiler jdk.crypto.ec jdk.crypto.cryptoki jdk.crypto.mscapi jdk.dynalink jdk.internal.ed jdk.editpad jdk.hotspot.agent jdk.httpserver jdk.internal.le jdk.internal.vm.ci jdk.internal.vm.compiler jdk.internal.vm.compiler.management jdk.jartool jdk.javadoc jdk.jcmd jdk.management jdk.management.agent jdk.jconsole jdk.jdeps jdk.jdwp.agent jdk.jdi jdk.jfr jdk.jshell jdk.jsobject jdk.jstatd jdk.localedata jdk.management.jfr jdk.naming.dns jdk.naming.rmi jdk.net jdk.nio.mapmode jdk.random jdk.sctp jdk.security.auth jdk.security.jgss jdk.unsupported jdk.unsupported.desktop jdk.xml.dom" 

Environment Variables:
CLASSPATH=.;C:\PROGRA~1\IBM\SQLLIB\java\db2java.zip;C:\PROGRA~1\IBM\SQLLIB\java\db2jcc4.jar;C:\PROGRA~1\IBM\SQLLIB\java\sqlj4.zip;C:\PROGRA~1\IBM\SQLLIB\java\DB2JCC~1.JAR;C:\PROGRA~1\IBM\SQLLIB\java\DB2JCC~2.JAR;C:\PROGRA~1\IBM\SQLLIB\BIN;C:\PROGRA~1\IBM\SQLLIB\java\Common.jar
PATH=C:\Program Files (x86)\VMware\VMware Workstation\bin\;C:\Program Files\Common Files\Oracle\Java\javapath;C:\WINDOWS\system32;C:\WINDOWS;C:\WINDOWS\System32\Wbem;C:\WINDOWS\System32\WindowsPowerShell\v1.0\;C:\WINDOWS\System32\OpenSSH\;C:\xampp1\php;C:\ProgramData\ComposerSetup\bin;C:\Program Files (x86)\Git\cmd;C:\Program Files\nodejs\;C:\PROGRA~1\IBM\SQLLIB\BIN;C:\PROGRA~1\IBM\SQLLIB\FUNCTION;C:\PROGRA~1\IBM\SQLLIB\SAMPLES\REPL;C:\Program Files\Docker\Docker\resources\bin;C:\Program Files\Go\bin;C:\Users\ASUS I5\.config\herd-lite\bin;C:\Users\ASUS I5\AppData\Local\Microsoft\WindowsApps;;C:\Users\ASUS I5\AppData\Local\Programs\Microsoft VS Code\bin;C:\Users\ASUS I5\AppData\Roaming\Composer\vendor\bin;C:\Users\ASUS I5\AppData\Roaming\npm;C:\Users\ASUS I5\AppData\Local\Python\bin;C:\Users\ASUS I5\AppData\Local\Microsoft\WindowsApps;C:\Users\ASUS I5\AppData\Local\Programs\Antigravity\bin;C:\Users\ASUS I5\go\bin
USERNAME=ASUS I5
OS=Windows_NT
PROCESSOR_IDENTIFIER=Intel64 Family 6 Model 126 Stepping 5, GenuineIntel
TMP=C:\Users\ASUSI5~1\AppData\Local\Temp
TEMP=C:\Users\ASUSI5~1\AppData\Local\Temp




Periodic native trim disabled

---------------  S Y S T E M  ---------------

OS:
 Windows 11 , 64 bit Build 26100 (10.0.26100.8328)
OS uptime: 1 days 20:30 hours
Hyper-V role detected

CPU: total 8 (initial active 8) (4 cores per cpu, 2 threads per core) family 6 model 126 stepping 5 microcode 0xa0, cx8, cmov, fxsr, ht, mmx, 3dnowpref, sse, sse2, sse3, ssse3, sse4.1, sse4.2, popcnt, lzcnt, tsc, tscinvbit, avx, avx2, aes, erms, clmul, bmi1, bmi2, adx, avx512f, avx512dq, avx512cd, avx512bw, avx512vl, sha, fma, vzeroupper, avx512_vpopcntdq, avx512_vpclmulqdq, avx512_vaes, avx512_vnni, clflush, clflushopt, avx512_vbmi2, avx512_vbmi, hv, rdtscp, rdpid, fsrm, gfni, avx512_bitalg, f16c, avx512_ifma
Processor Information for processor 0
  Max Mhz: 1201, Current Mhz: 1201, Mhz Limit: 1201
Processor Information for processor 1
  Max Mhz: 1201, Current Mhz: 1201, Mhz Limit: 1201
Processor Information for processor 2
  Max Mhz: 1201, Current Mhz: 1201, Mhz Limit: 1201
Processor Information for processor 3
  Max Mhz: 1201, Current Mhz: 1201, Mhz Limit: 1201
Processor Information for processor 4
  Max Mhz: 1201, Current Mhz: 1201, Mhz Limit: 1201
Processor Information for processor 5
  Max Mhz: 1201, Current Mhz: 1201, Mhz Limit: 1201
Processor Information for processor 6
  Max Mhz: 1201, Current Mhz: 1000, Mhz Limit: 1201
Processor Information for processor 7
  Max Mhz: 1201, Current Mhz: 1000, Mhz Limit: 1201

Memory: 4k page, system-wide physical 20218M (1706M free)
TotalPageFile size 26998M (AvailPageFile size 4M)
current process WorkingSet (physical memory assigned to process): 702M, peak: 702M
current process commit charge ("private bytes"): 735M, peak: 736M

vm_info: OpenJDK 64-Bit Server VM (21.0.10+7-LTS) for windows-amd64 JRE (21.0.10+7-LTS), built on 2026-01-20T00:00:00Z by "admin" with MS VC++ 17.12 (VS2022)

END.
